Microsoft Windows [Version 10.0.19044.1586]
(c) Microsoft Corporation. All rights reserved.

C:\Program Files\MySQL\MySQL Server 8.0\bin>mysql
ERROR 1045 (28000): Access denied for user 'ODBC'@'localhost' (using password: NO)

C:\Program Files\MySQL\MySQL Server 8.0\bin>mysql -q root -u
mysql: [ERROR] mysql: option '-u' requires an argument.

C:\Program Files\MySQL\MySQL Server 8.0\bin>mysqld

C:\Program Files\MySQL\MySQL Server 8.0\bin>mysql -u root -p
Enter password: ********
Welcome to the MySQL monitor.  Commands end with ; or \g.
Your MySQL connection id is 11
Server version: 8.0.28 MySQL Community Server - GPL

Copyright (c) 2000, 2022, Oracle and/or its affiliates.

Oracle is a registered trademark of Oracle Corporation and/or its
affiliates. Other names may be trademarks of their respective
owners.

Type 'help;' or '\h' for help. Type '\c' to clear the current input statement.

mysql> use sakila
Database changed
mysql> show tables
    -> ;
+----------------------------+
| Tables_in_sakila           |
+----------------------------+
| actor                      |
| actor_info                 |
| address                    |
| category                   |
| city                       |
| country                    |
| customer                   |
| customer_list              |
| film                       |
| film_actor                 |
| film_category              |
| film_list                  |
| film_text                  |
| inventory                  |
| language                   |
| nicer_but_slower_film_list |
| payment                    |
| rental                     |
| sales_by_film_category     |
| sales_by_store             |
| staff                      |
| staff_list                 |
| store                      |
+----------------------------+
23 rows in set (0.01 sec)

mysql> SELECT actor_id, first_name, last_name
    -> FROM actor
    -> WHERE last_name = 'Williams'
    ->
    ->
    ->
    -> ;
+----------+------------+-----------+
| actor_id | first_name | last_name |
+----------+------------+-----------+
|       72 | SEAN       | WILLIAMS  |
|      137 | MORGAN     | WILLIAMS  |
|      172 | GROUCHO    | WILLIAMS  |
+----------+------------+-----------+
3 rows in set (0.00 sec)

mysql> SELECT actor_id, first_name, last_name
    -> WHERE last_name = 'Williams'
    -> Or
    ->
    -> '
    '>
    '> ;;
    '> ;
    '> stop[
    '> ;
    '>
    '>
    '>
    '>
    '>
    '>
    '>
    '>
    '>
    '>
    '>
    '>
    '>
    '>
    '>
    '>
    '>
    '>
    '>
    '>
    '>
    '>
    '>
    '> use sakila'
    -> use sakila;
ERROR 1064 (42000): You have an error in your SQL syntax; check the manual that corresponds to your MySQL server version for the right syntax to use near 'use sakila' at line 35
mysql> SELECT actor_id, first_name, last_name
    -> FROM actor
    -> WHERE last_name = 'Williams' OR 'Davis';
+----------+------------+-----------+
| actor_id | first_name | last_name |
+----------+------------+-----------+
|       72 | SEAN       | WILLIAMS  |
|      137 | MORGAN     | WILLIAMS  |
|      172 | GROUCHO    | WILLIAMS  |
+----------+------------+-----------+
3 rows in set, 1 warning (0.00 sec)

mysql> SELECT actor_id, first_name, last_name
    -> FROM actor
    -> WHERE last_name = ('Williams' OR 'Davis');
+----------+-------------+--------------+
| actor_id | first_name  | last_name    |
+----------+-------------+--------------+
|        1 | PENELOPE    | GUINESS      |
|        2 | NICK        | WAHLBERG     |
|        3 | ED          | CHASE        |
|        4 | JENNIFER    | DAVIS        |
|        5 | JOHNNY      | LOLLOBRIGIDA |
|        6 | BETTE       | NICHOLSON    |
|        7 | GRACE       | MOSTEL       |
|        8 | MATTHEW     | JOHANSSON    |
|        9 | JOE         | SWANK        |
|       10 | CHRISTIAN   | GABLE        |
|       11 | ZERO        | CAGE         |
|       12 | KARL        | BERRY        |
|       13 | UMA         | WOOD         |
|       14 | VIVIEN      | BERGEN       |
|       15 | CUBA        | OLIVIER      |
|       16 | FRED        | COSTNER      |
|       17 | HELEN       | VOIGHT       |
|       18 | DAN         | TORN         |
|       19 | BOB         | FAWCETT      |
|       20 | LUCILLE     | TRACY        |
|       21 | KIRSTEN     | PALTROW      |
|       22 | ELVIS       | MARX         |
|       23 | SANDRA      | KILMER       |
|       24 | CAMERON     | STREEP       |
|       25 | KEVIN       | BLOOM        |
|       26 | RIP         | CRAWFORD     |
|       27 | JULIA       | MCQUEEN      |
|       28 | WOODY       | HOFFMAN      |
|       29 | ALEC        | WAYNE        |
|       30 | SANDRA      | PECK         |
|       31 | SISSY       | SOBIESKI     |
|       32 | TIM         | HACKMAN      |
|       33 | MILLA       | PECK         |
|       34 | AUDREY      | OLIVIER      |
|       35 | JUDY        | DEAN         |
|       36 | BURT        | DUKAKIS      |
|       37 | VAL         | BOLGER       |
|       38 | TOM         | MCKELLEN     |
|       39 | GOLDIE      | BRODY        |
|       40 | JOHNNY      | CAGE         |
|       41 | JODIE       | DEGENERES    |
|       42 | TOM         | MIRANDA      |
|       43 | KIRK        | JOVOVICH     |
|       44 | NICK        | STALLONE     |
|       45 | REESE       | KILMER       |
|       46 | PARKER      | GOLDBERG     |
|       47 | JULIA       | BARRYMORE    |
|       48 | FRANCES     | DAY-LEWIS    |
|       49 | ANNE        | CRONYN       |
|       50 | NATALIE     | HOPKINS      |
|       51 | GARY        | PHOENIX      |
|       52 | CARMEN      | HUNT         |
|       53 | MENA        | TEMPLE       |
|       54 | PENELOPE    | PINKETT      |
|       55 | FAY         | KILMER       |
|       56 | DAN         | HARRIS       |
|       57 | JUDE        | CRUISE       |
|       58 | CHRISTIAN   | AKROYD       |
|       59 | DUSTIN      | TAUTOU       |
|       60 | HENRY       | BERRY        |
|       61 | CHRISTIAN   | NEESON       |
|       62 | JAYNE       | NEESON       |
|       63 | CAMERON     | WRAY         |
|       64 | RAY         | JOHANSSON    |
|       65 | ANGELA      | HUDSON       |
|       66 | MARY        | TANDY        |
|       67 | JESSICA     | BAILEY       |
|       68 | RIP         | WINSLET      |
|       69 | KENNETH     | PALTROW      |
|       70 | MICHELLE    | MCCONAUGHEY  |
|       71 | ADAM        | GRANT        |
|       72 | SEAN        | WILLIAMS     |
|       73 | GARY        | PENN         |
|       74 | MILLA       | KEITEL       |
|       75 | BURT        | POSEY        |
|       76 | ANGELINA    | ASTAIRE      |
|       77 | CARY        | MCCONAUGHEY  |
|       78 | GROUCHO     | SINATRA      |
|       79 | MAE         | HOFFMAN      |
|       80 | RALPH       | CRUZ         |
|       81 | SCARLETT    | DAMON        |
|       82 | WOODY       | JOLIE        |
|       83 | BEN         | WILLIS       |
|       84 | JAMES       | PITT         |
|       85 | MINNIE      | ZELLWEGER    |
|       86 | GREG        | CHAPLIN      |
|       87 | SPENCER     | PECK         |
|       88 | KENNETH     | PESCI        |
|       89 | CHARLIZE    | DENCH        |
|       90 | SEAN        | GUINESS      |
|       91 | CHRISTOPHER | BERRY        |
|       92 | KIRSTEN     | AKROYD       |
|       93 | ELLEN       | PRESLEY      |
|       94 | KENNETH     | TORN         |
|       95 | DARYL       | WAHLBERG     |
|       96 | GENE        | WILLIS       |
|       97 | MEG         | HAWKE        |
|       98 | CHRIS       | BRIDGES      |
|       99 | JIM         | MOSTEL       |
|      100 | SPENCER     | DEPP         |
|      101 | SUSAN       | DAVIS        |
|      102 | WALTER      | TORN         |
|      103 | MATTHEW     | LEIGH        |
|      104 | PENELOPE    | CRONYN       |
|      105 | SIDNEY      | CROWE        |
|      106 | GROUCHO     | DUNST        |
|      107 | GINA        | DEGENERES    |
|      108 | WARREN      | NOLTE        |
|      109 | SYLVESTER   | DERN         |
|      110 | SUSAN       | DAVIS        |
|      111 | CAMERON     | ZELLWEGER    |
|      112 | RUSSELL     | BACALL       |
|      113 | MORGAN      | HOPKINS      |
|      114 | MORGAN      | MCDORMAND    |
|      115 | HARRISON    | BALE         |
|      116 | DAN         | STREEP       |
|      117 | RENEE       | TRACY        |
|      118 | CUBA        | ALLEN        |
|      119 | WARREN      | JACKMAN      |
|      120 | PENELOPE    | MONROE       |
|      121 | LIZA        | BERGMAN      |
|      122 | SALMA       | NOLTE        |
|      123 | JULIANNE    | DENCH        |
|      124 | SCARLETT    | BENING       |
|      125 | ALBERT      | NOLTE        |
|      126 | FRANCES     | TOMEI        |
|      127 | KEVIN       | GARLAND      |
|      128 | CATE        | MCQUEEN      |
|      129 | DARYL       | CRAWFORD     |
|      130 | GRETA       | KEITEL       |
|      131 | JANE        | JACKMAN      |
|      132 | ADAM        | HOPPER       |
|      133 | RICHARD     | PENN         |
|      134 | GENE        | HOPKINS      |
|      135 | RITA        | REYNOLDS     |
|      136 | ED          | MANSFIELD    |
|      137 | MORGAN      | WILLIAMS     |
|      138 | LUCILLE     | DEE          |
|      139 | EWAN        | GOODING      |
|      140 | WHOOPI      | HURT         |
|      141 | CATE        | HARRIS       |
|      142 | JADA        | RYDER        |
|      143 | RIVER       | DEAN         |
|      144 | ANGELA      | WITHERSPOON  |
|      145 | KIM         | ALLEN        |
|      146 | ALBERT      | JOHANSSON    |
|      147 | FAY         | WINSLET      |
|      148 | EMILY       | DEE          |
|      149 | RUSSELL     | TEMPLE       |
|      150 | JAYNE       | NOLTE        |
|      151 | GEOFFREY    | HESTON       |
|      152 | BEN         | HARRIS       |
|      153 | MINNIE      | KILMER       |
|      154 | MERYL       | GIBSON       |
|      155 | IAN         | TANDY        |
|      156 | FAY         | WOOD         |
|      157 | GRETA       | MALDEN       |
|      158 | VIVIEN      | BASINGER     |
|      159 | LAURA       | BRODY        |
|      160 | CHRIS       | DEPP         |
|      161 | HARVEY      | HOPE         |
|      162 | OPRAH       | KILMER       |
|      163 | CHRISTOPHER | WEST         |
|      164 | HUMPHREY    | WILLIS       |
|      165 | AL          | GARLAND      |
|      166 | NICK        | DEGENERES    |
|      167 | LAURENCE    | BULLOCK      |
|      168 | WILL        | WILSON       |
|      169 | KENNETH     | HOFFMAN      |
|      170 | MENA        | HOPPER       |
|      171 | OLYMPIA     | PFEIFFER     |
|      172 | GROUCHO     | WILLIAMS     |
|      173 | ALAN        | DREYFUSS     |
|      174 | MICHAEL     | BENING       |
|      175 | WILLIAM     | HACKMAN      |
|      176 | JON         | CHASE        |
|      177 | GENE        | MCKELLEN     |
|      178 | LISA        | MONROE       |
|      179 | ED          | GUINESS      |
|      180 | JEFF        | SILVERSTONE  |
|      181 | MATTHEW     | CARREY       |
|      182 | DEBBIE      | AKROYD       |
|      183 | RUSSELL     | CLOSE        |
|      184 | HUMPHREY    | GARLAND      |
|      185 | MICHAEL     | BOLGER       |
|      186 | JULIA       | ZELLWEGER    |
|      187 | RENEE       | BALL         |
|      188 | ROCK        | DUKAKIS      |
|      189 | CUBA        | BIRCH        |
|      190 | AUDREY      | BAILEY       |
|      191 | GREGORY     | GOODING      |
|      192 | JOHN        | SUVARI       |
|      193 | BURT        | TEMPLE       |
|      194 | MERYL       | ALLEN        |
|      195 | JAYNE       | SILVERSTONE  |
|      196 | BELA        | WALKEN       |
|      197 | REESE       | WEST         |
|      198 | MARY        | KEITEL       |
|      199 | JULIA       | FAWCETT      |
|      200 | THORA       | TEMPLE       |
+----------+-------------+--------------+
200 rows in set, 202 warnings (0.00 sec)

mysql> SELECT actor_id, first_name, last_name
    -> FROM actor
    -> WHERE (last_name = 'Williams' OR 'Davis');
+----------+------------+-----------+
| actor_id | first_name | last_name |
+----------+------------+-----------+
|       72 | SEAN       | WILLIAMS  |
|      137 | MORGAN     | WILLIAMS  |
|      172 | GROUCHO    | WILLIAMS  |
+----------+------------+-----------+
3 rows in set, 1 warning (0.00 sec)

mysql> SELECT actor_id, first_name, last_name
    -> FROM actor
    -> WHERE (last_name = 'Williams, Davis');
Empty set (0.00 sec)

mysql> SELECT actor_id, first_name, last_name
    -> FROM actor
    -> WHERE (last_name = 'Williams',' Davis');
ERROR 1241 (21000): Operand should contain 1 column(s)
mysql> SELECT actor_id, first_name, last_name
    -> FROM actor
    -> WHERE (last_name = 'Williams'' Davis');
Empty set (0.00 sec)

mysql> SELECT actor_id, first_name, last_name
    -> FROM actor
    -> WHERE last_name = 'Williams'
    ->  OR last_name = 'Davis';
+----------+------------+-----------+
| actor_id | first_name | last_name |
+----------+------------+-----------+
|        4 | JENNIFER   | DAVIS     |
|      101 | SUSAN      | DAVIS     |
|      110 | SUSAN      | DAVIS     |
|       72 | SEAN       | WILLIAMS  |
|      137 | MORGAN     | WILLIAMS  |
|      172 | GROUCHO    | WILLIAMS  |
+----------+------------+-----------+
6 rows in set (0.00 sec)

mysql> SELECT actor_id, first_name, last_name
    -> FROM actor
    -> WHERE last_name = 'Williams'
    ->  OR 'Davis';
+----------+------------+-----------+
| actor_id | first_name | last_name |
+----------+------------+-----------+
|       72 | SEAN       | WILLIAMS  |
|      137 | MORGAN     | WILLIAMS  |
|      172 | GROUCHO    | WILLIAMS  |
+----------+------------+-----------+
3 rows in set, 1 warning (0.00 sec)

mysql> SELECT actor_id, first_name, last_name
    -> FROM actor
    -> WHERE last_name IN ('Williams', 'Davis')
    -> ;
+----------+------------+-----------+
| actor_id | first_name | last_name |
+----------+------------+-----------+
|        4 | JENNIFER   | DAVIS     |
|      101 | SUSAN      | DAVIS     |
|      110 | SUSAN      | DAVIS     |
|       72 | SEAN       | WILLIAMS  |
|      137 | MORGAN     | WILLIAMS  |
|      172 | GROUCHO    | WILLIAMS  |
+----------+------------+-----------+
6 rows in set (0.00 sec)

mysql> SELECT actor_id, first_name, last_name
    -> WHERE last_name IN ('Williams', 'Davis')
    -> ;
ERROR 1054 (42S22): Unknown column 'actor_id' in 'field list'
mysql>

|         263 |
|         263 |
|         263 |
|         263 |
|         263 |
|         263 |
|         263 |
|         263 |
|         263 |
|         263 |
|         263 |
|         263 |
|         264 |
|         264 |
|         264 |
|         264 |
|         264 |
|         264 |
|         264 |
|         264 |
|         264 |
|         264 |
|         264 |
|         264 |
|         264 |
|         264 |
|         264 |
|         264 |
|         264 |
|         264 |
|         264 |
|         264 |
|         264 |
|         264 |
|         264 |
|         264 |
|         264 |
|         265 |
|         265 |
|         265 |
|         265 |
|         265 |
|         265 |
|         265 |
|         265 |
|         265 |
|         265 |
|         265 |
|         265 |
|         265 |
|         265 |
|         265 |
|         265 |
|         265 |
|         265 |
|         265 |
|         265 |
|         265 |
|         265 |
|         265 |
|         265 |
|         265 |
|         265 |
|         265 |
|         265 |
|         265 |
|         266 |
|         266 |
|         266 |
|         266 |
|         266 |
|         266 |
|         266 |
|         266 |
|         266 |
|         266 |
|         266 |
|         266 |
|         266 |
|         266 |
|         266 |
|         266 |
|         266 |
|         266 |
|         266 |
|         266 |
|         266 |
|         266 |
|         266 |
|         266 |
|         266 |
|         266 |
|         266 |
|         266 |
|         267 |
|         267 |
|         267 |
|         267 |
|         267 |
|         267 |
|         267 |
|         267 |
|         267 |
|         267 |
|         267 |
|         267 |
|         267 |
|         267 |
|         267 |
|         267 |
|         267 |
|         267 |
|         267 |
|         267 |
|         267 |
|         267 |
|         267 |
|         267 |
|         267 |
|         267 |
|         267 |
|         267 |
|         267 |
|         267 |
|         267 |
|         267 |
|         267 |
|         267 |
|         267 |
|         267 |
|         268 |
|         268 |
|         268 |
|         268 |
|         268 |
|         268 |
|         268 |
|         268 |
|         268 |
|         268 |
|         268 |
|         268 |
|         268 |
|         268 |
|         268 |
|         268 |
|         268 |
|         268 |
|         268 |
|         268 |
|         268 |
|         268 |
|         268 |
|         268 |
|         268 |
|         268 |
|         268 |
|         268 |
|         268 |
|         269 |
|         269 |
|         269 |
|         269 |
|         269 |
|         269 |
|         269 |
|         269 |
|         269 |
|         269 |
|         269 |
|         269 |
|         269 |
|         269 |
|         269 |
|         269 |
|         269 |
|         269 |
|         269 |
|         269 |
|         269 |
|         269 |
|         269 |
|         269 |
|         269 |
|         269 |
|         269 |
|         269 |
|         269 |
|         269 |
|         270 |
|         270 |
|         270 |
|         270 |
|         270 |
|         270 |
|         270 |
|         270 |
|         270 |
|         270 |
|         270 |
|         270 |
|         270 |
|         270 |
|         270 |
|         270 |
|         270 |
|         270 |
|         270 |
|         270 |
|         270 |
|         270 |
|         270 |
|         270 |
|         270 |
|         271 |
|         271 |
|         271 |
|         271 |
|         271 |
|         271 |
|         271 |
|         271 |
|         271 |
|         271 |
|         271 |
|         271 |
|         271 |
|         271 |
|         271 |
|         271 |
|         271 |
|         271 |
|         272 |
|         272 |
|         272 |
|         272 |
|         272 |
|         272 |
|         272 |
|         272 |
|         272 |
|         272 |
|         272 |
|         272 |
|         272 |
|         272 |
|         272 |
|         272 |
|         272 |
|         272 |
|         272 |
|         272 |
|         273 |
|         273 |
|         273 |
|         273 |
|         273 |
|         273 |
|         273 |
|         273 |
|         273 |
|         273 |
|         273 |
|         273 |
|         273 |
|         273 |
|         273 |
|         273 |
|         273 |
|         273 |
|         273 |
|         273 |
|         273 |
|         273 |
|         273 |
|         273 |
|         273 |
|         273 |
|         273 |
|         273 |
|         273 |
|         273 |
|         273 |
|         273 |
|         273 |
|         273 |
|         273 |
|         274 |
|         274 |
|         274 |
|         274 |
|         274 |
|         274 |
|         274 |
|         274 |
|         274 |
|         274 |
|         274 |
|         274 |
|         274 |
|         274 |
|         274 |
|         274 |
|         274 |
|         274 |
|         274 |
|         274 |
|         274 |
|         274 |
|         274 |
|         274 |
|         274 |
|         274 |
|         274 |
|         274 |
|         274 |
|         274 |
|         274 |
|         274 |
|         274 |
|         274 |
|         274 |
|         275 |
|         275 |
|         275 |
|         275 |
|         275 |
|         275 |
|         275 |
|         275 |
|         275 |
|         275 |
|         275 |
|         275 |
|         275 |
|         275 |
|         275 |
|         275 |
|         275 |
|         275 |
|         275 |
|         275 |
|         275 |
|         275 |
|         275 |
|         275 |
|         275 |
|         275 |
|         275 |
|         275 |
|         275 |
|         275 |
|         276 |
|         276 |
|         276 |
|         276 |
|         276 |
|         276 |
|         276 |
|         276 |
|         276 |
|         276 |
|         276 |
|         276 |
|         276 |
|         276 |
|         276 |
|         276 |
|         276 |
|         276 |
|         276 |
|         276 |
|         276 |
|         276 |
|         276 |
|         276 |
|         276 |
|         276 |
|         276 |
|         276 |
|         277 |
|         277 |
|         277 |
|         277 |
|         277 |
|         277 |
|         277 |
|         277 |
|         277 |
|         277 |
|         277 |
|         277 |
|         277 |
|         277 |
|         277 |
|         277 |
|         277 |
|         277 |
|         277 |
|         277 |
|         277 |
|         277 |
|         277 |
|         277 |
|         277 |
|         277 |
|         277 |
|         277 |
|         277 |
|         277 |
|         277 |
|         277 |
|         278 |
|         278 |
|         278 |
|         278 |
|         278 |
|         278 |
|         278 |
|         278 |
|         278 |
|         278 |
|         278 |
|         278 |
|         278 |
|         278 |
|         278 |
|         278 |
|         278 |
|         278 |
|         278 |
|         278 |
|         278 |
|         278 |
|         278 |
|         278 |
|         278 |
|         278 |
|         279 |
|         279 |
|         279 |
|         279 |
|         279 |
|         279 |
|         279 |
|         279 |
|         279 |
|         279 |
|         279 |
|         279 |
|         279 |
|         279 |
|         279 |
|         279 |
|         279 |
|         279 |
|         279 |
|         279 |
|         279 |
|         279 |
|         279 |
|         279 |
|         279 |
|         279 |
|         279 |
|         279 |
|         279 |
|         279 |
|         279 |
|         280 |
|         280 |
|         280 |
|         280 |
|         280 |
|         280 |
|         280 |
|         280 |
|         280 |
|         280 |
|         280 |
|         280 |
|         280 |
|         280 |
|         280 |
|         280 |
|         280 |
|         280 |
|         280 |
|         280 |
|         280 |
|         280 |
|         280 |
|         280 |
|         280 |
|         280 |
|         280 |
|         281 |
|         281 |
|         281 |
|         281 |
|         281 |
|         281 |
|         281 |
|         281 |
|         281 |
|         281 |
|         281 |
|         281 |
|         281 |
|         281 |
|         282 |
|         282 |
|         282 |
|         282 |
|         282 |
|         282 |
|         282 |
|         282 |
|         282 |
|         282 |
|         282 |
|         282 |
|         282 |
|         282 |
|         282 |
|         282 |
|         282 |
|         282 |
|         282 |
|         282 |
|         282 |
|         282 |
|         282 |
|         282 |
|         282 |
|         282 |
|         282 |
|         283 |
|         283 |
|         283 |
|         283 |
|         283 |
|         283 |
|         283 |
|         283 |
|         283 |
|         283 |
|         283 |
|         283 |
|         283 |
|         283 |
|         283 |
|         283 |
|         283 |
|         283 |
|         283 |
|         283 |
|         283 |
|         283 |
|         283 |
|         283 |
|         283 |
|         283 |
|         283 |
|         283 |
|         284 |
|         284 |
|         284 |
|         284 |
|         284 |
|         284 |
|         284 |
|         284 |
|         284 |
|         284 |
|         284 |
|         284 |
|         284 |
|         284 |
|         284 |
|         284 |
|         284 |
|         284 |
|         284 |
|         284 |
|         284 |
|         284 |
|         284 |
|         284 |
|         284 |
|         284 |
|         284 |
|         284 |
|         285 |
|         285 |
|         285 |
|         285 |
|         285 |
|         285 |
|         285 |
|         285 |
|         285 |
|         285 |
|         285 |
|         285 |
|         285 |
|         285 |
|         285 |
|         285 |
|         285 |
|         285 |
|         285 |
|         285 |
|         285 |
|         285 |
|         285 |
|         285 |
|         285 |
|         285 |
|         286 |
|         286 |
|         286 |
|         286 |
|         286 |
|         286 |
|         286 |
|         286 |
|         286 |
|         286 |
|         286 |
|         286 |
|         286 |
|         286 |
|         286 |
|         286 |
|         286 |
|         286 |
|         286 |
|         286 |
|         286 |
|         286 |
|         286 |
|         286 |
|         286 |
|         286 |
|         286 |
|         287 |
|         287 |
|         287 |
|         287 |
|         287 |
|         287 |
|         287 |
|         287 |
|         287 |
|         287 |
|         287 |
|         287 |
|         287 |
|         287 |
|         287 |
|         287 |
|         287 |
|         287 |
|         287 |
|         287 |
|         287 |
|         287 |
|         287 |
|         287 |
|         287 |
|         287 |
|         287 |
|         287 |
|         287 |
|         288 |
|         288 |
|         288 |
|         288 |
|         288 |
|         288 |
|         288 |
|         288 |
|         288 |
|         288 |
|         288 |
|         288 |
|         288 |
|         288 |
|         288 |
|         288 |
|         288 |
|         288 |
|         288 |
|         288 |
|         288 |
|         288 |
|         288 |
|         288 |
|         289 |
|         289 |
|         289 |
|         289 |
|         289 |
|         289 |
|         289 |
|         289 |
|         289 |
|         289 |
|         289 |
|         289 |
|         289 |
|         289 |
|         289 |
|         289 |
|         289 |
|         289 |
|         289 |
|         289 |
|         289 |
|         289 |
|         289 |
|         289 |
|         289 |
|         289 |
|         289 |
|         289 |
|         289 |
|         289 |
|         290 |
|         290 |
|         290 |
|         290 |
|         290 |
|         290 |
|         290 |
|         290 |
|         290 |
|         290 |
|         290 |
|         290 |
|         290 |
|         290 |
|         290 |
|         290 |
|         290 |
|         290 |
|         290 |
|         290 |
|         290 |
|         290 |
|         290 |
|         290 |
|         290 |
|         290 |
|         290 |
|         290 |
|         291 |
|         291 |
|         291 |
|         291 |
|         291 |
|         291 |
|         291 |
|         291 |
|         291 |
|         291 |
|         291 |
|         291 |
|         291 |
|         291 |
|         291 |
|         291 |
|         291 |
|         291 |
|         291 |
|         291 |
|         291 |
|         291 |
|         291 |
|         292 |
|         292 |
|         292 |
|         292 |
|         292 |
|         292 |
|         292 |
|         292 |
|         292 |
|         292 |
|         292 |
|         292 |
|         292 |
|         292 |
|         292 |
|         292 |
|         292 |
|         292 |
|         292 |
|         292 |
|         292 |
|         292 |
|         292 |
|         292 |
|         292 |
|         292 |
|         292 |
|         293 |
|         293 |
|         293 |
|         293 |
|         293 |
|         293 |
|         293 |
|         293 |
|         293 |
|         293 |
|         293 |
|         293 |
|         293 |
|         293 |
|         293 |
|         293 |
|         293 |
|         293 |
|         293 |
|         293 |
|         293 |
|         293 |
|         293 |
|         293 |
|         293 |
|         293 |
|         293 |
|         293 |
|         293 |
|         293 |
|         293 |
|         294 |
|         294 |
|         294 |
|         294 |
|         294 |
|         294 |
|         294 |
|         294 |
|         294 |
|         294 |
|         294 |
|         294 |
|         294 |
|         294 |
|         294 |
|         294 |
|         294 |
|         294 |
|         294 |
|         294 |
|         294 |
|         294 |
|         294 |
|         294 |
|         294 |
|         294 |
|         295 |
|         295 |
|         295 |
|         295 |
|         295 |
|         295 |
|         295 |
|         295 |
|         295 |
|         295 |
|         295 |
|         295 |
|         295 |
|         295 |
|         295 |
|         295 |
|         295 |
|         295 |
|         295 |
|         295 |
|         295 |
|         295 |
|         295 |
|         295 |
|         295 |
|         295 |
|         295 |
|         295 |
|         295 |
|         295 |
|         295 |
|         295 |
|         295 |
|         295 |
|         295 |
|         295 |
|         295 |
|         295 |
|         296 |
|         296 |
|         296 |
|         296 |
|         296 |
|         296 |
|         296 |
|         296 |
|         296 |
|         296 |
|         296 |
|         296 |
|         296 |
|         296 |
|         296 |
|         296 |
|         296 |
|         296 |
|         296 |
|         296 |
|         296 |
|         296 |
|         296 |
|         296 |
|         296 |
|         296 |
|         296 |
|         296 |
|         296 |
|         296 |
|         297 |
|         297 |
|         297 |
|         297 |
|         297 |
|         297 |
|         297 |
|         297 |
|         297 |
|         297 |
|         297 |
|         297 |
|         297 |
|         297 |
|         297 |
|         297 |
|         297 |
|         297 |
|         297 |
|         297 |
|         297 |
|         297 |
|         297 |
|         297 |
|         297 |
|         297 |
|         297 |
|         297 |
|         297 |
|         297 |
|         297 |
|         297 |
|         297 |
|         298 |
|         298 |
|         298 |
|         298 |
|         298 |
|         298 |
|         298 |
|         298 |
|         298 |
|         298 |
|         298 |
|         298 |
|         298 |
|         298 |
|         298 |
|         298 |
|         298 |
|         298 |
|         298 |
|         298 |
|         298 |
|         298 |
|         298 |
|         298 |
|         298 |
|         298 |
|         299 |
|         299 |
|         299 |
|         299 |
|         299 |
|         299 |
|         299 |
|         299 |
|         299 |
|         299 |
|         299 |
|         299 |
|         299 |
|         299 |
|         299 |
|         299 |
|         299 |
|         299 |
|         299 |
|         299 |
|         299 |
|         299 |
|         299 |
|         299 |
|         299 |
|         299 |
|         299 |
|         299 |
|         299 |
|         299 |
|         300 |
|         300 |
|         300 |
|         300 |
|         300 |
|         300 |
|         300 |
|         300 |
|         300 |
|         300 |
|         300 |
|         300 |
|         300 |
|         300 |
|         300 |
|         300 |
|         300 |
|         300 |
|         300 |
|         300 |
|         300 |
|         300 |
|         300 |
|         300 |
|         300 |
|         300 |
|         300 |
|         300 |
|         300 |
|         300 |
|         300 |
|         301 |
|         301 |
|         301 |
|         301 |
|         301 |
|         301 |
|         301 |
|         301 |
|         301 |
|         301 |
|         301 |
|         301 |
|         301 |
|         301 |
|         301 |
|         301 |
|         301 |
|         301 |
|         301 |
|         301 |
|         301 |
|         302 |
|         302 |
|         302 |
|         302 |
|         302 |
|         302 |
|         302 |
|         302 |
|         302 |
|         302 |
|         302 |
|         302 |
|         302 |
|         302 |
|         302 |
|         302 |
|         302 |
|         302 |
|         302 |
|         302 |
|         302 |
|         302 |
|         302 |
|         302 |
|         302 |
|         302 |
|         302 |
|         302 |
|         302 |
|         303 |
|         303 |
|         303 |
|         303 |
|         303 |
|         303 |
|         303 |
|         303 |
|         303 |
|         303 |
|         303 |
|         303 |
|         303 |
|         303 |
|         303 |
|         303 |
|         303 |
|         303 |
|         303 |
|         303 |
|         303 |
|         303 |
|         303 |
|         303 |
|         303 |
|         303 |
|         304 |
|         304 |
|         304 |
|         304 |
|         304 |
|         304 |
|         304 |
|         304 |
|         304 |
|         304 |
|         304 |
|         304 |
|         304 |
|         304 |
|         304 |
|         304 |
|         304 |
|         304 |
|         304 |
|         304 |
|         304 |
|         304 |
|         304 |
|         304 |
|         304 |
|         304 |
|         305 |
|         305 |
|         305 |
|         305 |
|         305 |
|         305 |
|         305 |
|         305 |
|         305 |
|         305 |
|         305 |
|         305 |
|         305 |
|         305 |
|         305 |
|         305 |
|         305 |
|         305 |
|         305 |
|         305 |
|         305 |
|         305 |
|         305 |
|         305 |
|         305 |
|         306 |
|         306 |
|         306 |
|         306 |
|         306 |
|         306 |
|         306 |
|         306 |
|         306 |
|         306 |
|         306 |
|         306 |
|         306 |
|         306 |
|         306 |
|         306 |
|         306 |
|         306 |
|         306 |
|         306 |
|         306 |
|         306 |
|         306 |
|         306 |
|         306 |
|         306 |
|         306 |
|         306 |
|         306 |
|         306 |
|         306 |
|         306 |
|         307 |
|         307 |
|         307 |
|         307 |
|         307 |
|         307 |
|         307 |
|         307 |
|         307 |
|         307 |
|         307 |
|         307 |
|         307 |
|         307 |
|         307 |
|         307 |
|         307 |
|         307 |
|         307 |
|         307 |
|         307 |
|         307 |
|         307 |
|         307 |
|         307 |
|         307 |
|         307 |
|         307 |
|         307 |
|         307 |
|         308 |
|         308 |
|         308 |
|         308 |
|         308 |
|         308 |
|         308 |
|         308 |
|         308 |
|         308 |
|         308 |
|         308 |
|         308 |
|         308 |
|         308 |
|         308 |
|         308 |
|         308 |
|         308 |
|         308 |
|         308 |
|         308 |
|         308 |
|         308 |
|         308 |
|         309 |
|         309 |
|         309 |
|         309 |
|         309 |
|         309 |
|         309 |
|         309 |
|         309 |
|         309 |
|         309 |
|         309 |
|         309 |
|         309 |
|         309 |
|         309 |
|         309 |
|         309 |
|         309 |
|         309 |
|         309 |
|         309 |
|         309 |
|         309 |
|         309 |
|         309 |
|         309 |
|         309 |
|         309 |
|         309 |
|         309 |
|         310 |
|         310 |
|         310 |
|         310 |
|         310 |
|         310 |
|         310 |
|         310 |
|         310 |
|         310 |
|         310 |
|         310 |
|         310 |
|         310 |
|         310 |
|         310 |
|         310 |
|         310 |
|         310 |
|         310 |
|         311 |
|         311 |
|         311 |
|         311 |
|         311 |
|         311 |
|         311 |
|         311 |
|         311 |
|         311 |
|         311 |
|         311 |
|         311 |
|         311 |
|         311 |
|         311 |
|         311 |
|         311 |
|         311 |
|         311 |
|         311 |
|         311 |
|         311 |
|         312 |
|         312 |
|         312 |
|         312 |
|         312 |
|         312 |
|         312 |
|         312 |
|         312 |
|         312 |
|         312 |
|         312 |
|         312 |
|         312 |
|         312 |
|         312 |
|         312 |
|         312 |
|         312 |
|         312 |
|         312 |
|         312 |
|         312 |
|         312 |
|         312 |
|         312 |
|         313 |
|         313 |
|         313 |
|         313 |
|         313 |
|         313 |
|         313 |
|         313 |
|         313 |
|         313 |
|         313 |
|         313 |
|         313 |
|         313 |
|         313 |
|         313 |
|         313 |
|         313 |
|         313 |
|         313 |
|         313 |
|         313 |
|         313 |
|         314 |
|         314 |
|         314 |
|         314 |
|         314 |
|         314 |
|         314 |
|         314 |
|         314 |
|         314 |
|         314 |
|         314 |
|         314 |
|         314 |
|         314 |
|         314 |
|         314 |
|         314 |
|         314 |
|         314 |
|         314 |
|         314 |
|         314 |
|         314 |
|         314 |
|         314 |
|         314 |
|         314 |
|         314 |
|         314 |
|         314 |
|         314 |
|         314 |
|         315 |
|         315 |
|         315 |
|         315 |
|         315 |
|         315 |
|         315 |
|         315 |
|         315 |
|         315 |
|         315 |
|         315 |
|         315 |
|         315 |
|         315 |
|         315 |
|         315 |
|         316 |
|         316 |
|         316 |
|         316 |
|         316 |
|         316 |
|         316 |
|         316 |
|         316 |
|         316 |
|         316 |
|         316 |
|         316 |
|         316 |
|         316 |
|         316 |
|         316 |
|         316 |
|         316 |
|         316 |
|         316 |
|         316 |
|         316 |
|         316 |
|         316 |
|         316 |
|         316 |
|         316 |
|         316 |
|         317 |
|         317 |
|         317 |
|         317 |
|         317 |
|         317 |
|         317 |
|         317 |
|         317 |
|         317 |
|         317 |
|         317 |
|         317 |
|         317 |
|         317 |
|         317 |
|         317 |
|         317 |
|         317 |
|         317 |
|         317 |
|         317 |
|         317 |
|         317 |
|         317 |
|         317 |
|         317 |
|         317 |
|         318 |
|         318 |
|         318 |
|         318 |
|         318 |
|         318 |
|         318 |
|         318 |
|         318 |
|         318 |
|         318 |
|         318 |
|         319 |
|         319 |
|         319 |
|         319 |
|         319 |
|         319 |
|         319 |
|         319 |
|         319 |
|         319 |
|         319 |
|         319 |
|         319 |
|         319 |
|         319 |
|         319 |
|         319 |
|         319 |
|         319 |
|         319 |
|         319 |
|         319 |
|         319 |
|         319 |
|         319 |
|         319 |
|         319 |
|         319 |
|         319 |
|         319 |
|         320 |
|         320 |
|         320 |
|         320 |
|         320 |
|         320 |
|         320 |
|         320 |
|         320 |
|         320 |
|         320 |
|         320 |
|         320 |
|         320 |
|         320 |
|         320 |
|         320 |
|         320 |
|         320 |
|         320 |
|         321 |
|         321 |
|         321 |
|         321 |
|         321 |
|         321 |
|         321 |
|         321 |
|         321 |
|         321 |
|         321 |
|         321 |
|         321 |
|         321 |
|         321 |
|         321 |
|         321 |
|         321 |
|         321 |
|         321 |
|         321 |
|         321 |
|         322 |
|         322 |
|         322 |
|         322 |
|         322 |
|         322 |
|         322 |
|         322 |
|         322 |
|         322 |
|         322 |
|         322 |
|         322 |
|         322 |
|         322 |
|         322 |
|         322 |
|         322 |
|         322 |
|         322 |
|         322 |
|         322 |
|         322 |
|         322 |
|         322 |
|         322 |
|         322 |
|         322 |
|         323 |
|         323 |
|         323 |
|         323 |
|         323 |
|         323 |
|         323 |
|         323 |
|         323 |
|         323 |
|         323 |
|         323 |
|         323 |
|         323 |
|         323 |
|         323 |
|         323 |
|         323 |
|         323 |
|         323 |
|         323 |
|         323 |
|         323 |
|         323 |
|         323 |
|         323 |
|         323 |
|         323 |
|         323 |
|         323 |
|         323 |
|         324 |
|         324 |
|         324 |
|         324 |
|         324 |
|         324 |
|         324 |
|         324 |
|         324 |
|         324 |
|         324 |
|         324 |
|         324 |
|         324 |
|         324 |
|         324 |
|         324 |
|         324 |
|         324 |
|         324 |
|         324 |
|         324 |
|         324 |
|         324 |
|         324 |
|         325 |
|         325 |
|         325 |
|         325 |
|         325 |
|         325 |
|         325 |
|         325 |
|         325 |
|         325 |
|         325 |
|         325 |
|         325 |
|         325 |
|         325 |
|         325 |
|         325 |
|         325 |
|         325 |
|         325 |
|         325 |
|         325 |
|         326 |
|         326 |
|         326 |
|         326 |
|         326 |
|         326 |
|         326 |
|         326 |
|         326 |
|         326 |
|         326 |
|         326 |
|         326 |
|         326 |
|         326 |
|         326 |
|         326 |
|         326 |
|         326 |
|         326 |
|         326 |
|         326 |
|         326 |
|         326 |
|         326 |
|         327 |
|         327 |
|         327 |
|         327 |
|         327 |
|         327 |
|         327 |
|         327 |
|         327 |
|         327 |
|         327 |
|         327 |
|         327 |
|         327 |
|         327 |
|         327 |
|         327 |
|         327 |
|         327 |
|         327 |
|         327 |
|         327 |
|         327 |
|         327 |
|         327 |
|         327 |
|         328 |
|         328 |
|         328 |
|         328 |
|         328 |
|         328 |
|         328 |
|         328 |
|         328 |
|         328 |
|         328 |
|         328 |
|         328 |
|         328 |
|         328 |
|         328 |
|         328 |
|         328 |
|         328 |
|         328 |
|         328 |
|         328 |
|         328 |
|         329 |
|         329 |
|         329 |
|         329 |
|         329 |
|         329 |
|         329 |
|         329 |
|         329 |
|         329 |
|         329 |
|         329 |
|         329 |
|         329 |
|         329 |
|         329 |
|         329 |
|         329 |
|         329 |
|         329 |
|         329 |
|         329 |
|         329 |
|         329 |
|         329 |
|         329 |
|         329 |
|         329 |
|         329 |
|         329 |
|         329 |
|         329 |
|         330 |
|         330 |
|         330 |
|         330 |
|         330 |
|         330 |
|         330 |
|         330 |
|         330 |
|         330 |
|         330 |
|         330 |
|         330 |
|         330 |
|         330 |
|         330 |
|         330 |
|         330 |
|         330 |
|         330 |
|         330 |
|         330 |
|         330 |
|         330 |
|         330 |
|         331 |
|         331 |
|         331 |
|         331 |
|         331 |
|         331 |
|         331 |
|         331 |
|         331 |
|         331 |
|         331 |
|         331 |
|         331 |
|         331 |
|         331 |
|         331 |
|         331 |
|         331 |
|         331 |
|         331 |
|         331 |
|         331 |
|         331 |
|         331 |
|         331 |
|         331 |
|         331 |
|         332 |
|         332 |
|         332 |
|         332 |
|         332 |
|         332 |
|         332 |
|         332 |
|         332 |
|         332 |
|         332 |
|         332 |
|         332 |
|         332 |
|         332 |
|         332 |
|         332 |
|         332 |
|         332 |
|         332 |
|         332 |
|         332 |
|         332 |
|         332 |
|         332 |
|         332 |
|         332 |
|         332 |
|         333 |
|         333 |
|         333 |
|         333 |
|         333 |
|         333 |
|         333 |
|         333 |
|         333 |
|         333 |
|         333 |
|         333 |
|         333 |
|         333 |
|         333 |
|         333 |
|         333 |
|         333 |
|         333 |
|         333 |
|         333 |
|         333 |
|         333 |
|         333 |
|         333 |
|         333 |
|         333 |
|         334 |
|         334 |
|         334 |
|         334 |
|         334 |
|         334 |
|         334 |
|         334 |
|         334 |
|         334 |
|         334 |
|         334 |
|         334 |
|         334 |
|         334 |
|         334 |
|         334 |
|         334 |
|         334 |
|         334 |
|         334 |
|         334 |
|         334 |
|         334 |
|         334 |
|         334 |
|         334 |
|         334 |
|         334 |
|         334 |
|         335 |
|         335 |
|         335 |
|         335 |
|         335 |
|         335 |
|         335 |
|         335 |
|         335 |
|         335 |
|         335 |
|         335 |
|         335 |
|         335 |
|         335 |
|         335 |
|         335 |
|         335 |
|         335 |
|         335 |
|         335 |
|         335 |
|         335 |
|         336 |
|         336 |
|         336 |
|         336 |
|         336 |
|         336 |
|         336 |
|         336 |
|         336 |
|         336 |
|         336 |
|         336 |
|         336 |
|         336 |
|         336 |
|         336 |
|         336 |
|         336 |
|         336 |
|         336 |
|         336 |
|         336 |
|         336 |
|         336 |
|         336 |
|         336 |
|         336 |
|         336 |
|         336 |
|         336 |
|         337 |
|         337 |
|         337 |
|         337 |
|         337 |
|         337 |
|         337 |
|         337 |
|         337 |
|         337 |
|         337 |
|         337 |
|         337 |
|         337 |
|         337 |
|         337 |
|         337 |
|         337 |
|         337 |
|         337 |
|         337 |
|         337 |
|         337 |
|         337 |
|         337 |
|         337 |
|         337 |
|         337 |
|         337 |
|         338 |
|         338 |
|         338 |
|         338 |
|         338 |
|         338 |
|         338 |
|         338 |
|         338 |
|         338 |
|         338 |
|         338 |
|         338 |
|         338 |
|         338 |
|         338 |
|         338 |
|         338 |
|         338 |
|         338 |
|         338 |
|         338 |
|         338 |
|         338 |
|         338 |
|         338 |
|         338 |
|         338 |
|         339 |
|         339 |
|         339 |
|         339 |
|         339 |
|         339 |
|         339 |
|         339 |
|         339 |
|         339 |
|         339 |
|         339 |
|         339 |
|         339 |
|         339 |
|         339 |
|         339 |
|         339 |
|         339 |
|         339 |
|         339 |
|         339 |
|         339 |
|         339 |
|         339 |
|         339 |
|         339 |
|         339 |
|         339 |
|         339 |
|         340 |
|         340 |
|         340 |
|         340 |
|         340 |
|         340 |
|         340 |
|         340 |
|         340 |
|         340 |
|         340 |
|         340 |
|         340 |
|         340 |
|         340 |
|         340 |
|         340 |
|         340 |
|         340 |
|         340 |
|         340 |
|         340 |
|         340 |
|         340 |
|         340 |
|         340 |
|         340 |
|         340 |
|         340 |
|         340 |
|         340 |
|         341 |
|         341 |
|         341 |
|         341 |
|         341 |
|         341 |
|         341 |
|         341 |
|         341 |
|         341 |
|         341 |
|         341 |
|         341 |
|         341 |
|         341 |
|         341 |
|         341 |
|         341 |
|         341 |
|         341 |
|         341 |
|         341 |
|         341 |
|         342 |
|         342 |
|         342 |
|         342 |
|         342 |
|         342 |
|         342 |
|         342 |
|         342 |
|         342 |
|         342 |
|         342 |
|         342 |
|         342 |
|         342 |
|         342 |
|         342 |
|         342 |
|         342 |
|         342 |
|         342 |
|         342 |
|         342 |
|         342 |
|         342 |
|         342 |
|         342 |
|         342 |
|         342 |
|         342 |
|         342 |
|         342 |
|         343 |
|         343 |
|         343 |
|         343 |
|         343 |
|         343 |
|         343 |
|         343 |
|         343 |
|         343 |
|         343 |
|         343 |
|         343 |
|         343 |
|         343 |
|         343 |
|         343 |
|         343 |
|         343 |
|         343 |
|         343 |
|         343 |
|         343 |
|         343 |
|         343 |
|         344 |
|         344 |
|         344 |
|         344 |
|         344 |
|         344 |
|         344 |
|         344 |
|         344 |
|         344 |
|         344 |
|         344 |
|         344 |
|         344 |
|         344 |
|         344 |
|         344 |
|         344 |
|         345 |
|         345 |
|         345 |
|         345 |
|         345 |
|         345 |
|         345 |
|         345 |
|         345 |
|         345 |
|         345 |
|         345 |
|         345 |
|         345 |
|         345 |
|         345 |
|         345 |
|         345 |
|         345 |
|         345 |
|         345 |
|         345 |
|         345 |
|         346 |
|         346 |
|         346 |
|         346 |
|         346 |
|         346 |
|         346 |
|         346 |
|         346 |
|         346 |
|         346 |
|         346 |
|         346 |
|         346 |
|         346 |
|         346 |
|         346 |
|         346 |
|         346 |
|         346 |
|         346 |
|         346 |
|         346 |
|         346 |
|         346 |
|         346 |
|         346 |
|         346 |
|         346 |
|         346 |
|         346 |
|         346 |
|         347 |
|         347 |
|         347 |
|         347 |
|         347 |
|         347 |
|         347 |
|         347 |
|         347 |
|         347 |
|         347 |
|         347 |
|         347 |
|         347 |
|         347 |
|         347 |
|         347 |
|         347 |
|         347 |
|         347 |
|         347 |
|         347 |
|         347 |
|         347 |
|         347 |
|         347 |
|         347 |
|         347 |
|         347 |
|         347 |
|         348 |
|         348 |
|         348 |
|         348 |
|         348 |
|         348 |
|         348 |
|         348 |
|         348 |
|         348 |
|         348 |
|         348 |
|         348 |
|         348 |
|         348 |
|         348 |
|         348 |
|         348 |
|         348 |
|         348 |
|         348 |
|         348 |
|         348 |
|         348 |
|         348 |
|         348 |
|         348 |
|         348 |
|         348 |
|         348 |
|         348 |
|         348 |
|         348 |
|         348 |
|         348 |
|         348 |
|         349 |
|         349 |
|         349 |
|         349 |
|         349 |
|         349 |
|         349 |
|         349 |
|         349 |
|         349 |
|         349 |
|         349 |
|         349 |
|         349 |
|         349 |
|         349 |
|         349 |
|         349 |
|         349 |
|         349 |
|         349 |
|         349 |
|         349 |
|         349 |
|         349 |
|         349 |
|         349 |
|         349 |
|         349 |
|         350 |
|         350 |
|         350 |
|         350 |
|         350 |
|         350 |
|         350 |
|         350 |
|         350 |
|         350 |
|         350 |
|         350 |
|         350 |
|         350 |
|         350 |
|         350 |
|         350 |
|         350 |
|         350 |
|         350 |
|         350 |
|         350 |
|         350 |
|         351 |
|         351 |
|         351 |
|         351 |
|         351 |
|         351 |
|         351 |
|         351 |
|         351 |
|         351 |
|         351 |
|         351 |
|         351 |
|         351 |
|         351 |
|         351 |
|         351 |
|         351 |
|         351 |
|         351 |
|         351 |
|         351 |
|         351 |
|         351 |
|         352 |
|         352 |
|         352 |
|         352 |
|         352 |
|         352 |
|         352 |
|         352 |
|         352 |
|         352 |
|         352 |
|         352 |
|         352 |
|         352 |
|         352 |
|         352 |
|         352 |
|         352 |
|         352 |
|         352 |
|         352 |
|         352 |
|         352 |
|         353 |
|         353 |
|         353 |
|         353 |
|         353 |
|         353 |
|         353 |
|         353 |
|         353 |
|         353 |
|         353 |
|         353 |
|         353 |
|         353 |
|         353 |
|         353 |
|         353 |
|         353 |
|         354 |
|         354 |
|         354 |
|         354 |
|         354 |
|         354 |
|         354 |
|         354 |
|         354 |
|         354 |
|         354 |
|         354 |
|         354 |
|         354 |
|         354 |
|         354 |
|         354 |
|         354 |
|         354 |
|         354 |
|         354 |
|         354 |
|         354 |
|         354 |
|         354 |
|         354 |
|         354 |
|         354 |
|         354 |
|         354 |
|         354 |
|         354 |
|         354 |
|         354 |
|         354 |
|         354 |
|         355 |
|         355 |
|         355 |
|         355 |
|         355 |
|         355 |
|         355 |
|         355 |
|         355 |
|         355 |
|         355 |
|         355 |
|         355 |
|         355 |
|         355 |
|         355 |
|         355 |
|         355 |
|         355 |
|         355 |
|         356 |
|         356 |
|         356 |
|         356 |
|         356 |
|         356 |
|         356 |
|         356 |
|         356 |
|         356 |
|         356 |
|         356 |
|         356 |
|         356 |
|         356 |
|         356 |
|         356 |
|         356 |
|         356 |
|         356 |
|         356 |
|         356 |
|         356 |
|         356 |
|         356 |
|         356 |
|         356 |
|         356 |
|         356 |
|         356 |
|         357 |
|         357 |
|         357 |
|         357 |
|         357 |
|         357 |
|         357 |
|         357 |
|         357 |
|         357 |
|         357 |
|         357 |
|         357 |
|         357 |
|         357 |
|         357 |
|         357 |
|         357 |
|         357 |
|         357 |
|         357 |
|         357 |
|         357 |
|         357 |
|         357 |
|         357 |
|         358 |
|         358 |
|         358 |
|         358 |
|         358 |
|         358 |
|         358 |
|         358 |
|         358 |
|         358 |
|         358 |
|         358 |
|         358 |
|         358 |
|         358 |
|         358 |
|         358 |
|         358 |
|         358 |
|         358 |
|         358 |
|         359 |
|         359 |
|         359 |
|         359 |
|         359 |
|         359 |
|         359 |
|         359 |
|         359 |
|         359 |
|         359 |
|         359 |
|         359 |
|         359 |
|         359 |
|         359 |
|         359 |
|         359 |
|         359 |
|         359 |
|         359 |
|         359 |
|         359 |
|         359 |
|         359 |
|         360 |
|         360 |
|         360 |
|         360 |
|         360 |
|         360 |
|         360 |
|         360 |
|         360 |
|         360 |
|         360 |
|         360 |
|         360 |
|         360 |
|         360 |
|         360 |
|         360 |
|         360 |
|         360 |
|         360 |
|         360 |
|         360 |
|         360 |
|         360 |
|         360 |
|         360 |
|         360 |
|         360 |
|         360 |
|         360 |
|         360 |
|         360 |
|         360 |
|         360 |
|         361 |
|         361 |
|         361 |
|         361 |
|         361 |
|         361 |
|         361 |
|         361 |
|         361 |
|         361 |
|         361 |
|         361 |
|         361 |
|         361 |
|         361 |
|         361 |
|         361 |
|         361 |
|         361 |
|         361 |
|         361 |
|         361 |
|         361 |
|         361 |
|         361 |
|         361 |
|         361 |
|         361 |
|         361 |
|         361 |
|         361 |
|         362 |
|         362 |
|         362 |
|         362 |
|         362 |
|         362 |
|         362 |
|         362 |
|         362 |
|         362 |
|         362 |
|         362 |
|         362 |
|         362 |
|         362 |
|         362 |
|         362 |
|         362 |
|         362 |
|         362 |
|         362 |
|         362 |
|         362 |
|         362 |
|         362 |
|         362 |
|         362 |
|         362 |
|         362 |
|         362 |
|         362 |
|         362 |
|         363 |
|         363 |
|         363 |
|         363 |
|         363 |
|         363 |
|         363 |
|         363 |
|         363 |
|         363 |
|         363 |
|         363 |
|         363 |
|         363 |
|         363 |
|         363 |
|         363 |
|         363 |
|         363 |
|         363 |
|         363 |
|         363 |
|         363 |
|         363 |
|         363 |
|         363 |
|         363 |
|         363 |
|         363 |
|         364 |
|         364 |
|         364 |
|         364 |
|         364 |
|         364 |
|         364 |
|         364 |
|         364 |
|         364 |
|         364 |
|         364 |
|         364 |
|         364 |
|         364 |
|         364 |
|         364 |
|         364 |
|         364 |
|         364 |
|         364 |
|         364 |
|         364 |
|         365 |
|         365 |
|         365 |
|         365 |
|         365 |
|         365 |
|         365 |
|         365 |
|         365 |
|         365 |
|         365 |
|         365 |
|         365 |
|         365 |
|         365 |
|         365 |
|         365 |
|         365 |
|         365 |
|         365 |
|         365 |
|         365 |
|         365 |
|         366 |
|         366 |
|         366 |
|         366 |
|         366 |
|         366 |
|         366 |
|         366 |
|         366 |
|         366 |
|         366 |
|         366 |
|         366 |
|         366 |
|         366 |
|         366 |
|         366 |
|         366 |
|         366 |
|         366 |
|         366 |
|         366 |
|         366 |
|         366 |
|         366 |
|         366 |
|         366 |
|         366 |
|         366 |
|         366 |
|         366 |
|         366 |
|         366 |
|         366 |
|         366 |
|         366 |
|         366 |
|         367 |
|         367 |
|         367 |
|         367 |
|         367 |
|         367 |
|         367 |
|         367 |
|         367 |
|         367 |
|         367 |
|         367 |
|         367 |
|         367 |
|         367 |
|         367 |
|         367 |
|         367 |
|         367 |
|         367 |
|         367 |
|         367 |
|         368 |
|         368 |
|         368 |
|         368 |
|         368 |
|         368 |
|         368 |
|         368 |
|         368 |
|         368 |
|         368 |
|         368 |
|         368 |
|         368 |
|         368 |
|         368 |
|         368 |
|         368 |
|         368 |
|         368 |
|         368 |
|         368 |
|         368 |
|         368 |
|         368 |
|         368 |
|         368 |
|         368 |
|         368 |
|         368 |
|         368 |
|         368 |
|         368 |
|         368 |
|         368 |
|         369 |
|         369 |
|         369 |
|         369 |
|         369 |
|         369 |
|         369 |
|         369 |
|         369 |
|         369 |
|         369 |
|         369 |
|         369 |
|         369 |
|         369 |
|         369 |
|         369 |
|         369 |
|         369 |
|         369 |
|         369 |
|         369 |
|         369 |
|         369 |
|         369 |
|         370 |
|         370 |
|         370 |
|         370 |
|         370 |
|         370 |
|         370 |
|         370 |
|         370 |
|         370 |
|         370 |
|         370 |
|         370 |
|         370 |
|         370 |
|         370 |
|         370 |
|         370 |
|         370 |
|         371 |
|         371 |
|         371 |
|         371 |
|         371 |
|         371 |
|         371 |
|         371 |
|         371 |
|         371 |
|         371 |
|         371 |
|         371 |
|         371 |
|         371 |
|         371 |
|         371 |
|         371 |
|         371 |
|         371 |
|         371 |
|         371 |
|         371 |
|         371 |
|         371 |
|         371 |
|         371 |
|         371 |
|         371 |
|         371 |
|         371 |
|         371 |
|         371 |
|         371 |
|         371 |
|         372 |
|         372 |
|         372 |
|         372 |
|         372 |
|         372 |
|         372 |
|         372 |
|         372 |
|         372 |
|         372 |
|         372 |
|         372 |
|         372 |
|         372 |
|         372 |
|         372 |
|         372 |
|         372 |
|         372 |
|         372 |
|         372 |
|         372 |
|         372 |
|         372 |
|         372 |
|         372 |
|         372 |
|         372 |
|         372 |
|         372 |
|         372 |
|         372 |
|         372 |
|         373 |
|         373 |
|         373 |
|         373 |
|         373 |
|         373 |
|         373 |
|         373 |
|         373 |
|         373 |
|         373 |
|         373 |
|         373 |
|         373 |
|         373 |
|         373 |
|         373 |
|         373 |
|         373 |
|         373 |
|         373 |
|         373 |
|         373 |
|         373 |
|         373 |
|         373 |
|         373 |
|         373 |
|         373 |
|         373 |
|         373 |
|         373 |
|         373 |
|         373 |
|         373 |
|         374 |
|         374 |
|         374 |
|         374 |
|         374 |
|         374 |
|         374 |
|         374 |
|         374 |
|         374 |
|         374 |
|         374 |
|         374 |
|         374 |
|         374 |
|         374 |
|         374 |
|         374 |
|         374 |
|         374 |
|         374 |
|         374 |
|         374 |
|         374 |
|         374 |
|         374 |
|         374 |
|         374 |
|         375 |
|         375 |
|         375 |
|         375 |
|         375 |
|         375 |
|         375 |
|         375 |
|         375 |
|         375 |
|         375 |
|         375 |
|         375 |
|         375 |
|         375 |
|         375 |
|         375 |
|         375 |
|         375 |
|         375 |
|         375 |
|         375 |
|         375 |
|         375 |
|         376 |
|         376 |
|         376 |
|         376 |
|         376 |
|         376 |
|         376 |
|         376 |
|         376 |
|         376 |
|         376 |
|         376 |
|         376 |
|         376 |
|         376 |
|         376 |
|         376 |
|         376 |
|         376 |
|         376 |
|         376 |
|         376 |
|         376 |
|         376 |
|         376 |
|         376 |
|         376 |
|         376 |
|         377 |
|         377 |
|         377 |
|         377 |
|         377 |
|         377 |
|         377 |
|         377 |
|         377 |
|         377 |
|         377 |
|         377 |
|         377 |
|         377 |
|         377 |
|         377 |
|         377 |
|         377 |
|         377 |
|         377 |
|         377 |
|         377 |
|         377 |
|         377 |
|         377 |
|         377 |
|         378 |
|         378 |
|         378 |
|         378 |
|         378 |
|         378 |
|         378 |
|         378 |
|         378 |
|         378 |
|         378 |
|         378 |
|         378 |
|         378 |
|         378 |
|         378 |
|         378 |
|         378 |
|         378 |
|         379 |
|         379 |
|         379 |
|         379 |
|         379 |
|         379 |
|         379 |
|         379 |
|         379 |
|         379 |
|         379 |
|         379 |
|         379 |
|         379 |
|         379 |
|         379 |
|         379 |
|         379 |
|         379 |
|         379 |
|         379 |
|         379 |
|         379 |
|         380 |
|         380 |
|         380 |
|         380 |
|         380 |
|         380 |
|         380 |
|         380 |
|         380 |
|         380 |
|         380 |
|         380 |
|         380 |
|         380 |
|         380 |
|         380 |
|         380 |
|         380 |
|         380 |
|         380 |
|         380 |
|         380 |
|         380 |
|         380 |
|         380 |
|         380 |
|         380 |
|         380 |
|         380 |
|         380 |
|         380 |
|         380 |
|         380 |
|         380 |
|         380 |
|         380 |
|         381 |
|         381 |
|         381 |
|         381 |
|         381 |
|         381 |
|         381 |
|         381 |
|         381 |
|         381 |
|         381 |
|         381 |
|         381 |
|         381 |
|         381 |
|         381 |
|         381 |
|         381 |
|         381 |
|         381 |
|         381 |
|         381 |
|         381 |
|         381 |
|         381 |
|         381 |
|         381 |
|         381 |
|         381 |
|         381 |
|         381 |
|         381 |
|         381 |
|         381 |
|         381 |
|         382 |
|         382 |
|         382 |
|         382 |
|         382 |
|         382 |
|         382 |
|         382 |
|         382 |
|         382 |
|         382 |
|         382 |
|         382 |
|         382 |
|         382 |
|         382 |
|         382 |
|         382 |
|         382 |
|         382 |
|         382 |
|         382 |
|         382 |
|         382 |
|         383 |
|         383 |
|         383 |
|         383 |
|         383 |
|         383 |
|         383 |
|         383 |
|         383 |
|         383 |
|         383 |
|         383 |
|         383 |
|         383 |
|         383 |
|         383 |
|         383 |
|         383 |
|         383 |
|         383 |
|         383 |
|         383 |
|         383 |
|         383 |
|         383 |
|         383 |
|         383 |
|         384 |
|         384 |
|         384 |
|         384 |
|         384 |
|         384 |
|         384 |
|         384 |
|         384 |
|         384 |
|         384 |
|         384 |
|         384 |
|         384 |
|         384 |
|         384 |
|         384 |
|         384 |
|         384 |
|         384 |
|         384 |
|         384 |
|         384 |
|         384 |
|         384 |
|         385 |
|         385 |
|         385 |
|         385 |
|         385 |
|         385 |
|         385 |
|         385 |
|         385 |
|         385 |
|         385 |
|         385 |
|         385 |
|         385 |
|         385 |
|         385 |
|         385 |
|         385 |
|         385 |
|         385 |
|         385 |
|         385 |
|         385 |
|         385 |
|         385 |
|         385 |
|         386 |
|         386 |
|         386 |
|         386 |
|         386 |
|         386 |
|         386 |
|         386 |
|         386 |
|         386 |
|         386 |
|         386 |
|         386 |
|         386 |
|         386 |
|         386 |
|         386 |
|         386 |
|         386 |
|         386 |
|         386 |
|         386 |
|         386 |
|         386 |
|         386 |
|         386 |
|         386 |
|         386 |
|         386 |
|         387 |
|         387 |
|         387 |
|         387 |
|         387 |
|         387 |
|         387 |
|         387 |
|         387 |
|         387 |
|         387 |
|         387 |
|         387 |
|         387 |
|         387 |
|         387 |
|         387 |
|         387 |
|         387 |
|         387 |
|         387 |
|         387 |
|         387 |
|         387 |
|         387 |
|         387 |
|         388 |
|         388 |
|         388 |
|         388 |
|         388 |
|         388 |
|         388 |
|         388 |
|         388 |
|         388 |
|         388 |
|         388 |
|         388 |
|         388 |
|         388 |
|         388 |
|         388 |
|         388 |
|         388 |
|         388 |
|         388 |
|         388 |
|         388 |
|         388 |
|         388 |
|         388 |
|         388 |
|         388 |
|         388 |
|         388 |
|         389 |
|         389 |
|         389 |
|         389 |
|         389 |
|         389 |
|         389 |
|         389 |
|         389 |
|         389 |
|         389 |
|         389 |
|         389 |
|         389 |
|         389 |
|         389 |
|         389 |
|         389 |
|         389 |
|         389 |
|         389 |
|         389 |
|         389 |
|         389 |
|         389 |
|         389 |
|         390 |
|         390 |
|         390 |
|         390 |
|         390 |
|         390 |
|         390 |
|         390 |
|         390 |
|         390 |
|         390 |
|         390 |
|         390 |
|         390 |
|         390 |
|         390 |
|         390 |
|         390 |
|         390 |
|         390 |
|         390 |
|         390 |
|         390 |
|         390 |
|         390 |
|         390 |
|         390 |
|         390 |
|         390 |
|         390 |
|         390 |
|         390 |
|         390 |
|         391 |
|         391 |
|         391 |
|         391 |
|         391 |
|         391 |
|         391 |
|         391 |
|         391 |
|         391 |
|         391 |
|         391 |
|         391 |
|         391 |
|         391 |
|         391 |
|         391 |
|         391 |
|         391 |
|         391 |
|         391 |
|         391 |
|         391 |
|         391 |
|         391 |
|         391 |
|         391 |
|         391 |
|         391 |
|         391 |
|         392 |
|         392 |
|         392 |
|         392 |
|         392 |
|         392 |
|         392 |
|         392 |
|         392 |
|         392 |
|         392 |
|         392 |
|         392 |
|         392 |
|         392 |
|         392 |
|         392 |
|         392 |
|         392 |
|         392 |
|         392 |
|         392 |
|         392 |
|         393 |
|         393 |
|         393 |
|         393 |
|         393 |
|         393 |
|         393 |
|         393 |
|         393 |
|         393 |
|         393 |
|         393 |
|         393 |
|         393 |
|         393 |
|         393 |
|         393 |
|         393 |
|         393 |
|         393 |
|         393 |
|         393 |
|         393 |
|         393 |
|         393 |
|         393 |
|         393 |
|         393 |
|         393 |
|         393 |
|         393 |
|         394 |
|         394 |
|         394 |
|         394 |
|         394 |
|         394 |
|         394 |
|         394 |
|         394 |
|         394 |
|         394 |
|         394 |
|         394 |
|         394 |
|         394 |
|         394 |
|         394 |
|         394 |
|         394 |
|         394 |
|         394 |
|         394 |
|         395 |
|         395 |
|         395 |
|         395 |
|         395 |
|         395 |
|         395 |
|         395 |
|         395 |
|         395 |
|         395 |
|         395 |
|         395 |
|         395 |
|         395 |
|         395 |
|         395 |
|         395 |
|         395 |
|         396 |
|         396 |
|         396 |
|         396 |
|         396 |
|         396 |
|         396 |
|         396 |
|         396 |
|         396 |
|         396 |
|         396 |
|         396 |
|         396 |
|         396 |
|         396 |
|         396 |
|         396 |
|         396 |
|         396 |
|         396 |
|         396 |
|         396 |
|         396 |
|         396 |
|         396 |
|         396 |
|         397 |
|         397 |
|         397 |
|         397 |
|         397 |
|         397 |
|         397 |
|         397 |
|         397 |
|         397 |
|         397 |
|         397 |
|         397 |
|         397 |
|         397 |
|         397 |
|         397 |
|         397 |
|         397 |
|         397 |
|         397 |
|         397 |
|         397 |
|         397 |
|         397 |
|         397 |
|         397 |
|         397 |
|         397 |
|         398 |
|         398 |
|         398 |
|         398 |
|         398 |
|         398 |
|         398 |
|         398 |
|         398 |
|         398 |
|         398 |
|         398 |
|         398 |
|         398 |
|         398 |
|         398 |
|         399 |
|         399 |
|         399 |
|         399 |
|         399 |
|         399 |
|         399 |
|         399 |
|         399 |
|         399 |
|         399 |
|         399 |
|         399 |
|         399 |
|         399 |
|         399 |
|         399 |
|         399 |
|         399 |
|         399 |
|         399 |
|         400 |
|         400 |
|         400 |
|         400 |
|         400 |
|         400 |
|         400 |
|         400 |
|         400 |
|         400 |
|         400 |
|         400 |
|         400 |
|         400 |
|         400 |
|         400 |
|         400 |
|         400 |
|         400 |
|         400 |
|         400 |
|         400 |
|         400 |
|         400 |
|         400 |
|         400 |
|         400 |
|         400 |
|         401 |
|         401 |
|         401 |
|         401 |
|         401 |
|         401 |
|         401 |
|         401 |
|         401 |
|         401 |
|         401 |
|         401 |
|         401 |
|         401 |
|         401 |
|         401 |
|         401 |
|         401 |
|         401 |
|         401 |
|         401 |
|         402 |
|         402 |
|         402 |
|         402 |
|         402 |
|         402 |
|         402 |
|         402 |
|         402 |
|         402 |
|         402 |
|         402 |
|         402 |
|         402 |
|         402 |
|         402 |
|         402 |
|         402 |
|         402 |
|         402 |
|         403 |
|         403 |
|         403 |
|         403 |
|         403 |
|         403 |
|         403 |
|         403 |
|         403 |
|         403 |
|         403 |
|         403 |
|         403 |
|         403 |
|         403 |
|         403 |
|         403 |
|         403 |
|         403 |
|         403 |
|         403 |
|         403 |
|         403 |
|         403 |
|         403 |
|         403 |
|         403 |
|         403 |
|         403 |
|         403 |
|         403 |
|         403 |
|         403 |
|         403 |
|         403 |
|         404 |
|         404 |
|         404 |
|         404 |
|         404 |
|         404 |
|         404 |
|         404 |
|         404 |
|         404 |
|         404 |
|         404 |
|         404 |
|         404 |
|         404 |
|         404 |
|         404 |
|         404 |
|         404 |
|         404 |
|         404 |
|         404 |
|         404 |
|         404 |
|         404 |
|         404 |
|         404 |
|         404 |
|         404 |
|         404 |
|         405 |
|         405 |
|         405 |
|         405 |
|         405 |
|         405 |
|         405 |
|         405 |
|         405 |
|         405 |
|         405 |
|         405 |
|         405 |
|         405 |
|         405 |
|         405 |
|         405 |
|         405 |
|         405 |
|         405 |
|         405 |
|         405 |
|         405 |
|         405 |
|         405 |
|         405 |
|         405 |
|         405 |
|         405 |
|         405 |
|         405 |
|         405 |
|         406 |
|         406 |
|         406 |
|         406 |
|         406 |
|         406 |
|         406 |
|         406 |
|         406 |
|         406 |
|         406 |
|         406 |
|         406 |
|         406 |
|         406 |
|         406 |
|         406 |
|         406 |
|         406 |
|         406 |
|         406 |
|         406 |
|         406 |
|         406 |
|         406 |
|         406 |
|         406 |
|         406 |
|         406 |
|         406 |
|         406 |
|         406 |
|         407 |
|         407 |
|         407 |
|         407 |
|         407 |
|         407 |
|         407 |
|         407 |
|         407 |
|         407 |
|         407 |
|         407 |
|         407 |
|         407 |
|         407 |
|         407 |
|         407 |
|         407 |
|         407 |
|         407 |
|         407 |
|         407 |
|         407 |
|         407 |
|         407 |
|         407 |
|         407 |
|         408 |
|         408 |
|         408 |
|         408 |
|         408 |
|         408 |
|         408 |
|         408 |
|         408 |
|         408 |
|         408 |
|         408 |
|         408 |
|         408 |
|         408 |
|         408 |
|         408 |
|         408 |
|         408 |
|         408 |
|         408 |
|         408 |
|         408 |
|         408 |
|         408 |
|         408 |
|         408 |
|         408 |
|         408 |
|         408 |
|         409 |
|         409 |
|         409 |
|         409 |
|         409 |
|         409 |
|         409 |
|         409 |
|         409 |
|         409 |
|         409 |
|         409 |
|         409 |
|         409 |
|         409 |
|         409 |
|         409 |
|         409 |
|         409 |
|         409 |
|         409 |
|         409 |
|         409 |
|         410 |
|         410 |
|         410 |
|         410 |
|         410 |
|         410 |
|         410 |
|         410 |
|         410 |
|         410 |
|         410 |
|         410 |
|         410 |
|         410 |
|         410 |
|         410 |
|         410 |
|         410 |
|         410 |
|         410 |
|         410 |
|         410 |
|         410 |
|         410 |
|         410 |
|         410 |
|         410 |
|         410 |
|         410 |
|         410 |
|         410 |
|         410 |
|         410 |
|         410 |
|         410 |
|         410 |
|         410 |
|         410 |
|         411 |
|         411 |
|         411 |
|         411 |
|         411 |
|         411 |
|         411 |
|         411 |
|         411 |
|         411 |
|         411 |
|         411 |
|         411 |
|         411 |
|         411 |
|         411 |
|         411 |
|         411 |
|         411 |
|         411 |
|         411 |
|         411 |
|         411 |
|         411 |
|         411 |
|         411 |
|         412 |
|         412 |
|         412 |
|         412 |
|         412 |
|         412 |
|         412 |
|         412 |
|         412 |
|         412 |
|         412 |
|         412 |
|         412 |
|         412 |
|         412 |
|         412 |
|         412 |
|         412 |
|         412 |
|         412 |
|         412 |
|         413 |
|         413 |
|         413 |
|         413 |
|         413 |
|         413 |
|         413 |
|         413 |
|         413 |
|         413 |
|         413 |
|         413 |
|         413 |
|         413 |
|         413 |
|         413 |
|         413 |
|         413 |
|         413 |
|         413 |
|         413 |
|         414 |
|         414 |
|         414 |
|         414 |
|         414 |
|         414 |
|         414 |
|         414 |
|         414 |
|         414 |
|         414 |
|         414 |
|         414 |
|         414 |
|         414 |
|         414 |
|         414 |
|         414 |
|         414 |
|         414 |
|         414 |
|         414 |
|         414 |
|         414 |
|         414 |
|         415 |
|         415 |
|         415 |
|         415 |
|         415 |
|         415 |
|         415 |
|         415 |
|         415 |
|         415 |
|         415 |
|         415 |
|         415 |
|         415 |
|         415 |
|         415 |
|         415 |
|         415 |
|         415 |
|         415 |
|         415 |
|         415 |
|         415 |
|         416 |
|         416 |
|         416 |
|         416 |
|         416 |
|         416 |
|         416 |
|         416 |
|         416 |
|         416 |
|         416 |
|         416 |
|         416 |
|         416 |
|         416 |
|         416 |
|         416 |
|         416 |
|         416 |
|         416 |
|         416 |
|         416 |
|         416 |
|         416 |
|         416 |
|         416 |
|         416 |
|         416 |
|         416 |
|         416 |
|         416 |
|         417 |
|         417 |
|         417 |
|         417 |
|         417 |
|         417 |
|         417 |
|         417 |
|         417 |
|         417 |
|         417 |
|         417 |
|         417 |
|         417 |
|         417 |
|         417 |
|         417 |
|         417 |
|         417 |
|         417 |
|         417 |
|         417 |
|         417 |
|         417 |
|         417 |
|         418 |
|         418 |
|         418 |
|         418 |
|         418 |
|         418 |
|         418 |
|         418 |
|         418 |
|         418 |
|         418 |
|         418 |
|         418 |
|         418 |
|         418 |
|         418 |
|         418 |
|         418 |
|         418 |
|         418 |
|         418 |
|         418 |
|         418 |
|         418 |
|         418 |
|         418 |
|         418 |
|         418 |
|         418 |
|         418 |
|         419 |
|         419 |
|         419 |
|         419 |
|         419 |
|         419 |
|         419 |
|         419 |
|         419 |
|         419 |
|         419 |
|         419 |
|         419 |
|         419 |
|         419 |
|         419 |
|         419 |
|         419 |
|         419 |
|         419 |
|         419 |
|         419 |
|         419 |
|         419 |
|         419 |
|         420 |
|         420 |
|         420 |
|         420 |
|         420 |
|         420 |
|         420 |
|         420 |
|         420 |
|         420 |
|         420 |
|         420 |
|         420 |
|         420 |
|         420 |
|         420 |
|         420 |
|         420 |
|         420 |
|         420 |
|         420 |
|         421 |
|         421 |
|         421 |
|         421 |
|         421 |
|         421 |
|         421 |
|         421 |
|         421 |
|         421 |
|         421 |
|         421 |
|         421 |
|         421 |
|         421 |
|         421 |
|         421 |
|         421 |
|         421 |
|         421 |
|         421 |
|         421 |
|         421 |
|         421 |
|         421 |
|         421 |
|         421 |
|         422 |
|         422 |
|         422 |
|         422 |
|         422 |
|         422 |
|         422 |
|         422 |
|         422 |
|         422 |
|         422 |
|         422 |
|         422 |
|         422 |
|         422 |
|         422 |
|         422 |
|         422 |
|         422 |
|         422 |
|         422 |
|         422 |
|         422 |
|         422 |
|         422 |
|         422 |
|         423 |
|         423 |
|         423 |
|         423 |
|         423 |
|         423 |
|         423 |
|         423 |
|         423 |
|         423 |
|         423 |
|         423 |
|         423 |
|         423 |
|         423 |
|         423 |
|         423 |
|         423 |
|         423 |
|         423 |
|         423 |
|         423 |
|         423 |
|         423 |
|         423 |
|         423 |
|         424 |
|         424 |
|         424 |
|         424 |
|         424 |
|         424 |
|         424 |
|         424 |
|         424 |
|         424 |
|         424 |
|         424 |
|         424 |
|         424 |
|         424 |
|         424 |
|         424 |
|         424 |
|         424 |
|         424 |
|         424 |
|         424 |
|         424 |
|         424 |
|         424 |
|         424 |
|         424 |
|         424 |
|         424 |
|         424 |
|         425 |
|         425 |
|         425 |
|         425 |
|         425 |
|         425 |
|         425 |
|         425 |
|         425 |
|         425 |
|         425 |
|         425 |
|         425 |
|         425 |
|         425 |
|         425 |
|         425 |
|         425 |
|         425 |
|         425 |
|         425 |
|         425 |
|         425 |
|         425 |
|         425 |
|         425 |
|         426 |
|         426 |
|         426 |
|         426 |
|         426 |
|         426 |
|         426 |
|         426 |
|         426 |
|         426 |
|         426 |
|         426 |
|         426 |
|         426 |
|         426 |
|         426 |
|         426 |
|         426 |
|         426 |
|         426 |
|         426 |
|         426 |
|         426 |
|         426 |
|         426 |
|         426 |
|         426 |
|         427 |
|         427 |
|         427 |
|         427 |
|         427 |
|         427 |
|         427 |
|         427 |
|         427 |
|         427 |
|         427 |
|         427 |
|         427 |
|         427 |
|         427 |
|         427 |
|         427 |
|         427 |
|         427 |
|         427 |
|         427 |
|         427 |
|         427 |
|         427 |
|         428 |
|         428 |
|         428 |
|         428 |
|         428 |
|         428 |
|         428 |
|         428 |
|         428 |
|         428 |
|         428 |
|         428 |
|         428 |
|         428 |
|         428 |
|         428 |
|         428 |
|         428 |
|         428 |
|         428 |
|         429 |
|         429 |
|         429 |
|         429 |
|         429 |
|         429 |
|         429 |
|         429 |
|         429 |
|         429 |
|         429 |
|         429 |
|         429 |
|         429 |
|         429 |
|         429 |
|         429 |
|         429 |
|         429 |
|         429 |
|         429 |
|         430 |
|         430 |
|         430 |
|         430 |
|         430 |
|         430 |
|         430 |
|         430 |
|         430 |
|         430 |
|         430 |
|         430 |
|         430 |
|         430 |
|         430 |
|         430 |
|         430 |
|         430 |
|         430 |
|         430 |
|         430 |
|         430 |
|         431 |
|         431 |
|         431 |
|         431 |
|         431 |
|         431 |
|         431 |
|         431 |
|         431 |
|         431 |
|         431 |
|         431 |
|         431 |
|         431 |
|         431 |
|         431 |
|         431 |
|         431 |
|         431 |
|         431 |
|         431 |
|         431 |
|         431 |
|         432 |
|         432 |
|         432 |
|         432 |
|         432 |
|         432 |
|         432 |
|         432 |
|         432 |
|         432 |
|         432 |
|         432 |
|         432 |
|         432 |
|         432 |
|         432 |
|         432 |
|         432 |
|         432 |
|         432 |
|         432 |
|         432 |
|         432 |
|         433 |
|         433 |
|         433 |
|         433 |
|         433 |
|         433 |
|         433 |
|         433 |
|         433 |
|         433 |
|         433 |
|         433 |
|         433 |
|         433 |
|         433 |
|         433 |
|         433 |
|         433 |
|         433 |
|         433 |
|         433 |
|         433 |
|         433 |
|         433 |
|         433 |
|         434 |
|         434 |
|         434 |
|         434 |
|         434 |
|         434 |
|         434 |
|         434 |
|         434 |
|         434 |
|         434 |
|         434 |
|         434 |
|         434 |
|         434 |
|         434 |
|         434 |
|         434 |
|         434 |
|         434 |
|         434 |
|         434 |
|         434 |
|         434 |
|         434 |
|         434 |
|         434 |
|         435 |
|         435 |
|         435 |
|         435 |
|         435 |
|         435 |
|         435 |
|         435 |
|         435 |
|         435 |
|         435 |
|         435 |
|         435 |
|         435 |
|         435 |
|         435 |
|         435 |
|         435 |
|         435 |
|         435 |
|         435 |
|         435 |
|         435 |
|         435 |
|         435 |
|         436 |
|         436 |
|         436 |
|         436 |
|         436 |
|         436 |
|         436 |
|         436 |
|         436 |
|         436 |
|         436 |
|         436 |
|         436 |
|         436 |
|         436 |
|         436 |
|         436 |
|         436 |
|         436 |
|         436 |
|         436 |
|         436 |
|         436 |
|         436 |
|         436 |
|         436 |
|         436 |
|         436 |
|         436 |
|         436 |
|         437 |
|         437 |
|         437 |
|         437 |
|         437 |
|         437 |
|         437 |
|         437 |
|         437 |
|         437 |
|         437 |
|         437 |
|         437 |
|         437 |
|         437 |
|         437 |
|         437 |
|         437 |
|         437 |
|         437 |
|         437 |
|         437 |
|         437 |
|         438 |
|         438 |
|         438 |
|         438 |
|         438 |
|         438 |
|         438 |
|         438 |
|         438 |
|         438 |
|         438 |
|         438 |
|         438 |
|         438 |
|         438 |
|         438 |
|         438 |
|         438 |
|         438 |
|         438 |
|         438 |
|         438 |
|         438 |
|         438 |
|         438 |
|         438 |
|         438 |
|         438 |
|         438 |
|         438 |
|         438 |
|         438 |
|         438 |
|         439 |
|         439 |
|         439 |
|         439 |
|         439 |
|         439 |
|         439 |
|         439 |
|         439 |
|         439 |
|         439 |
|         439 |
|         439 |
|         439 |
|         439 |
|         439 |
|         439 |
|         439 |
|         439 |
|         439 |
|         439 |
|         439 |
|         439 |
|         439 |
|         439 |
|         439 |
|         439 |
|         439 |
|         439 |
|         439 |
|         439 |
|         439 |
|         439 |
|         439 |
|         439 |
|         439 |
|         440 |
|         440 |
|         440 |
|         440 |
|         440 |
|         440 |
|         440 |
|         440 |
|         440 |
|         440 |
|         440 |
|         440 |
|         440 |
|         440 |
|         440 |
|         440 |
|         440 |
|         440 |
|         440 |
|         440 |
|         440 |
|         440 |
|         441 |
|         441 |
|         441 |
|         441 |
|         441 |
|         441 |
|         441 |
|         441 |
|         441 |
|         441 |
|         441 |
|         441 |
|         441 |
|         441 |
|         441 |
|         441 |
|         441 |
|         441 |
|         441 |
|         441 |
|         441 |
|         441 |
|         441 |
|         441 |
|         441 |
|         441 |
|         441 |
|         441 |
|         442 |
|         442 |
|         442 |
|         442 |
|         442 |
|         442 |
|         442 |
|         442 |
|         442 |
|         442 |
|         442 |
|         442 |
|         442 |
|         442 |
|         442 |
|         442 |
|         442 |
|         442 |
|         442 |
|         442 |
|         442 |
|         442 |
|         442 |
|         442 |
|         442 |
|         442 |
|         442 |
|         442 |
|         442 |
|         442 |
|         442 |
|         442 |
|         443 |
|         443 |
|         443 |
|         443 |
|         443 |
|         443 |
|         443 |
|         443 |
|         443 |
|         443 |
|         443 |
|         443 |
|         443 |
|         443 |
|         443 |
|         443 |
|         443 |
|         443 |
|         443 |
|         443 |
|         443 |
|         443 |
|         444 |
|         444 |
|         444 |
|         444 |
|         444 |
|         444 |
|         444 |
|         444 |
|         444 |
|         444 |
|         444 |
|         444 |
|         444 |
|         444 |
|         444 |
|         444 |
|         444 |
|         444 |
|         444 |
|         444 |
|         444 |
|         444 |
|         444 |
|         444 |
|         444 |
|         444 |
|         444 |
|         444 |
|         444 |
|         444 |
|         445 |
|         445 |
|         445 |
|         445 |
|         445 |
|         445 |
|         445 |
|         445 |
|         445 |
|         445 |
|         445 |
|         445 |
|         445 |
|         445 |
|         445 |
|         445 |
|         445 |
|         445 |
|         445 |
|         445 |
|         445 |
|         445 |
|         445 |
|         445 |
|         445 |
|         445 |
|         446 |
|         446 |
|         446 |
|         446 |
|         446 |
|         446 |
|         446 |
|         446 |
|         446 |
|         446 |
|         446 |
|         446 |
|         446 |
|         446 |
|         446 |
|         446 |
|         446 |
|         446 |
|         446 |
|         446 |
|         446 |
|         446 |
|         446 |
|         446 |
|         446 |
|         446 |
|         446 |
|         446 |
|         446 |
|         446 |
|         446 |
|         447 |
|         447 |
|         447 |
|         447 |
|         447 |
|         447 |
|         447 |
|         447 |
|         447 |
|         447 |
|         447 |
|         447 |
|         447 |
|         447 |
|         447 |
|         447 |
|         447 |
|         447 |
|         447 |
|         447 |
|         447 |
|         447 |
|         447 |
|         447 |
|         447 |
|         447 |
|         447 |
|         447 |
|         447 |
|         448 |
|         448 |
|         448 |
|         448 |
|         448 |
|         448 |
|         448 |
|         448 |
|         448 |
|         448 |
|         448 |
|         448 |
|         448 |
|         448 |
|         448 |
|         448 |
|         448 |
|         448 |
|         448 |
|         448 |
|         448 |
|         448 |
|         448 |
|         448 |
|         448 |
|         448 |
|         448 |
|         448 |
|         448 |
|         449 |
|         449 |
|         449 |
|         449 |
|         449 |
|         449 |
|         449 |
|         449 |
|         449 |
|         449 |
|         449 |
|         449 |
|         449 |
|         449 |
|         449 |
|         449 |
|         449 |
|         449 |
|         449 |
|         449 |
|         450 |
|         450 |
|         450 |
|         450 |
|         450 |
|         450 |
|         450 |
|         450 |
|         450 |
|         450 |
|         450 |
|         450 |
|         450 |
|         450 |
|         450 |
|         450 |
|         450 |
|         450 |
|         450 |
|         450 |
|         450 |
|         450 |
|         450 |
|         450 |
|         450 |
|         450 |
|         451 |
|         451 |
|         451 |
|         451 |
|         451 |
|         451 |
|         451 |
|         451 |
|         451 |
|         451 |
|         451 |
|         451 |
|         451 |
|         451 |
|         451 |
|         451 |
|         451 |
|         451 |
|         451 |
|         451 |
|         451 |
|         451 |
|         451 |
|         451 |
|         451 |
|         451 |
|         451 |
|         451 |
|         451 |
|         451 |
|         451 |
|         451 |
|         451 |
|         452 |
|         452 |
|         452 |
|         452 |
|         452 |
|         452 |
|         452 |
|         452 |
|         452 |
|         452 |
|         452 |
|         452 |
|         452 |
|         452 |
|         452 |
|         452 |
|         452 |
|         452 |
|         452 |
|         452 |
|         452 |
|         452 |
|         452 |
|         452 |
|         452 |
|         452 |
|         452 |
|         452 |
|         452 |
|         452 |
|         452 |
|         452 |
|         453 |
|         453 |
|         453 |
|         453 |
|         453 |
|         453 |
|         453 |
|         453 |
|         453 |
|         453 |
|         453 |
|         453 |
|         453 |
|         453 |
|         453 |
|         453 |
|         453 |
|         453 |
|         453 |
|         453 |
|         453 |
|         453 |
|         453 |
|         454 |
|         454 |
|         454 |
|         454 |
|         454 |
|         454 |
|         454 |
|         454 |
|         454 |
|         454 |
|         454 |
|         454 |
|         454 |
|         454 |
|         454 |
|         454 |
|         454 |
|         454 |
|         454 |
|         454 |
|         454 |
|         454 |
|         454 |
|         454 |
|         454 |
|         454 |
|         454 |
|         454 |
|         454 |
|         454 |
|         454 |
|         454 |
|         454 |
|         455 |
|         455 |
|         455 |
|         455 |
|         455 |
|         455 |
|         455 |
|         455 |
|         455 |
|         455 |
|         455 |
|         455 |
|         455 |
|         455 |
|         455 |
|         455 |
|         455 |
|         455 |
|         455 |
|         455 |
|         455 |
|         455 |
|         455 |
|         455 |
|         456 |
|         456 |
|         456 |
|         456 |
|         456 |
|         456 |
|         456 |
|         456 |
|         456 |
|         456 |
|         456 |
|         456 |
|         456 |
|         456 |
|         456 |
|         456 |
|         456 |
|         456 |
|         456 |
|         456 |
|         456 |
|         456 |
|         456 |
|         456 |
|         456 |
|         457 |
|         457 |
|         457 |
|         457 |
|         457 |
|         457 |
|         457 |
|         457 |
|         457 |
|         457 |
|         457 |
|         457 |
|         457 |
|         457 |
|         457 |
|         457 |
|         457 |
|         457 |
|         457 |
|         457 |
|         457 |
|         457 |
|         457 |
|         457 |
|         457 |
|         457 |
|         457 |
|         457 |
|         458 |
|         458 |
|         458 |
|         458 |
|         458 |
|         458 |
|         458 |
|         458 |
|         458 |
|         458 |
|         458 |
|         458 |
|         458 |
|         458 |
|         458 |
|         458 |
|         458 |
|         458 |
|         458 |
|         459 |
|         459 |
|         459 |
|         459 |
|         459 |
|         459 |
|         459 |
|         459 |
|         459 |
|         459 |
|         459 |
|         459 |
|         459 |
|         459 |
|         459 |
|         459 |
|         459 |
|         459 |
|         459 |
|         459 |
|         459 |
|         459 |
|         459 |
|         459 |
|         459 |
|         459 |
|         459 |
|         459 |
|         459 |
|         459 |
|         459 |
|         459 |
|         459 |
|         459 |
|         459 |
|         459 |
|         459 |
|         459 |
|         460 |
|         460 |
|         460 |
|         460 |
|         460 |
|         460 |
|         460 |
|         460 |
|         460 |
|         460 |
|         460 |
|         460 |
|         460 |
|         460 |
|         460 |
|         460 |
|         460 |
|         460 |
|         460 |
|         460 |
|         460 |
|         460 |
|         460 |
|         460 |
|         460 |
|         461 |
|         461 |
|         461 |
|         461 |
|         461 |
|         461 |
|         461 |
|         461 |
|         461 |
|         461 |
|         461 |
|         461 |
|         461 |
|         461 |
|         461 |
|         461 |
|         461 |
|         461 |
|         461 |
|         461 |
|         461 |
|         461 |
|         461 |
|         461 |
|         461 |
|         461 |
|         461 |
|         461 |
|         462 |
|         462 |
|         462 |
|         462 |
|         462 |
|         462 |
|         462 |
|         462 |
|         462 |
|         462 |
|         462 |
|         462 |
|         462 |
|         462 |
|         462 |
|         462 |
|         462 |
|         462 |
|         462 |
|         462 |
|         462 |
|         462 |
|         462 |
|         462 |
|         462 |
|         462 |
|         462 |
|         462 |
|         462 |
|         462 |
|         462 |
|         462 |
|         462 |
|         463 |
|         463 |
|         463 |
|         463 |
|         463 |
|         463 |
|         463 |
|         463 |
|         463 |
|         463 |
|         463 |
|         463 |
|         463 |
|         463 |
|         463 |
|         463 |
|         463 |
|         463 |
|         463 |
|         463 |
|         463 |
|         463 |
|         463 |
|         463 |
|         463 |
|         464 |
|         464 |
|         464 |
|         464 |
|         464 |
|         464 |
|         464 |
|         464 |
|         464 |
|         464 |
|         464 |
|         464 |
|         464 |
|         464 |
|         464 |
|         464 |
|         465 |
|         465 |
|         465 |
|         465 |
|         465 |
|         465 |
|         465 |
|         465 |
|         465 |
|         465 |
|         465 |
|         465 |
|         465 |
|         465 |
|         465 |
|         465 |
|         465 |
|         466 |
|         466 |
|         466 |
|         466 |
|         466 |
|         466 |
|         466 |
|         466 |
|         466 |
|         466 |
|         466 |
|         466 |
|         466 |
|         466 |
|         466 |
|         466 |
|         466 |
|         466 |
|         466 |
|         466 |
|         466 |
|         466 |
|         466 |
|         467 |
|         467 |
|         467 |
|         467 |
|         467 |
|         467 |
|         467 |
|         467 |
|         467 |
|         467 |
|         467 |
|         467 |
|         467 |
|         467 |
|         467 |
|         467 |
|         467 |
|         467 |
|         467 |
|         467 |
|         467 |
|         467 |
|         467 |
|         467 |
|         467 |
|         467 |
|         467 |
|         467 |
|         467 |
|         468 |
|         468 |
|         468 |
|         468 |
|         468 |
|         468 |
|         468 |
|         468 |
|         468 |
|         468 |
|         468 |
|         468 |
|         468 |
|         468 |
|         468 |
|         468 |
|         468 |
|         468 |
|         468 |
|         468 |
|         468 |
|         468 |
|         468 |
|         468 |
|         468 |
|         468 |
|         468 |
|         468 |
|         468 |
|         468 |
|         468 |
|         468 |
|         468 |
|         468 |
|         468 |
|         468 |
|         468 |
|         468 |
|         468 |
|         469 |
|         469 |
|         469 |
|         469 |
|         469 |
|         469 |
|         469 |
|         469 |
|         469 |
|         469 |
|         469 |
|         469 |
|         469 |
|         469 |
|         469 |
|         469 |
|         469 |
|         469 |
|         469 |
|         469 |
|         469 |
|         469 |
|         469 |
|         469 |
|         469 |
|         469 |
|         469 |
|         469 |
|         469 |
|         469 |
|         469 |
|         469 |
|         469 |
|         469 |
|         469 |
|         469 |
|         469 |
|         469 |
|         469 |
|         469 |
|         470 |
|         470 |
|         470 |
|         470 |
|         470 |
|         470 |
|         470 |
|         470 |
|         470 |
|         470 |
|         470 |
|         470 |
|         470 |
|         470 |
|         470 |
|         470 |
|         470 |
|         470 |
|         470 |
|         470 |
|         470 |
|         470 |
|         470 |
|         470 |
|         470 |
|         470 |
|         470 |
|         470 |
|         470 |
|         470 |
|         470 |
|         470 |
|         471 |
|         471 |
|         471 |
|         471 |
|         471 |
|         471 |
|         471 |
|         471 |
|         471 |
|         471 |
|         471 |
|         471 |
|         471 |
|         471 |
|         471 |
|         471 |
|         471 |
|         471 |
|         471 |
|         471 |
|         471 |
|         471 |
|         471 |
|         471 |
|         471 |
|         471 |
|         471 |
|         472 |
|         472 |
|         472 |
|         472 |
|         472 |
|         472 |
|         472 |
|         472 |
|         472 |
|         472 |
|         472 |
|         472 |
|         472 |
|         472 |
|         472 |
|         472 |
|         472 |
|         472 |
|         472 |
|         472 |
|         472 |
|         472 |
|         472 |
|         472 |
|         472 |
|         472 |
|         472 |
|         472 |
|         472 |
|         472 |
|         473 |
|         473 |
|         473 |
|         473 |
|         473 |
|         473 |
|         473 |
|         473 |
|         473 |
|         473 |
|         473 |
|         473 |
|         473 |
|         473 |
|         473 |
|         473 |
|         473 |
|         473 |
|         473 |
|         473 |
|         473 |
|         473 |
|         473 |
|         473 |
|         473 |
|         473 |
|         473 |
|         473 |
|         473 |
|         473 |
|         473 |
|         473 |
|         473 |
|         473 |
|         474 |
|         474 |
|         474 |
|         474 |
|         474 |
|         474 |
|         474 |
|         474 |
|         474 |
|         474 |
|         474 |
|         474 |
|         474 |
|         474 |
|         474 |
|         474 |
|         474 |
|         474 |
|         474 |
|         474 |
|         474 |
|         474 |
|         474 |
|         474 |
|         474 |
|         474 |
|         475 |
|         475 |
|         475 |
|         475 |
|         475 |
|         475 |
|         475 |
|         475 |
|         475 |
|         475 |
|         475 |
|         475 |
|         475 |
|         475 |
|         475 |
|         475 |
|         475 |
|         475 |
|         475 |
|         475 |
|         475 |
|         475 |
|         475 |
|         475 |
|         476 |
|         476 |
|         476 |
|         476 |
|         476 |
|         476 |
|         476 |
|         476 |
|         476 |
|         476 |
|         476 |
|         476 |
|         476 |
|         476 |
|         476 |
|         476 |
|         476 |
|         476 |
|         476 |
|         476 |
|         476 |
|         476 |
|         477 |
|         477 |
|         477 |
|         477 |
|         477 |
|         477 |
|         477 |
|         477 |
|         477 |
|         477 |
|         477 |
|         477 |
|         477 |
|         477 |
|         477 |
|         477 |
|         477 |
|         477 |
|         477 |
|         477 |
|         477 |
|         477 |
|         478 |
|         478 |
|         478 |
|         478 |
|         478 |
|         478 |
|         478 |
|         478 |
|         478 |
|         478 |
|         478 |
|         478 |
|         478 |
|         478 |
|         478 |
|         478 |
|         478 |
|         478 |
|         478 |
|         479 |
|         479 |
|         479 |
|         479 |
|         479 |
|         479 |
|         479 |
|         479 |
|         479 |
|         479 |
|         479 |
|         479 |
|         479 |
|         479 |
|         479 |
|         479 |
|         479 |
|         479 |
|         479 |
|         479 |
|         479 |
|         479 |
|         479 |
|         479 |
|         479 |
|         479 |
|         479 |
|         479 |
|         479 |
|         479 |
|         479 |
|         480 |
|         480 |
|         480 |
|         480 |
|         480 |
|         480 |
|         480 |
|         480 |
|         480 |
|         480 |
|         480 |
|         480 |
|         480 |
|         480 |
|         480 |
|         480 |
|         480 |
|         480 |
|         480 |
|         480 |
|         480 |
|         480 |
|         481 |
|         481 |
|         481 |
|         481 |
|         481 |
|         481 |
|         481 |
|         481 |
|         481 |
|         481 |
|         481 |
|         481 |
|         481 |
|         481 |
|         481 |
|         481 |
|         481 |
|         481 |
|         481 |
|         481 |
|         481 |
|         481 |
|         481 |
|         481 |
|         481 |
|         481 |
|         481 |
|         481 |
|         481 |
|         482 |
|         482 |
|         482 |
|         482 |
|         482 |
|         482 |
|         482 |
|         482 |
|         482 |
|         482 |
|         482 |
|         482 |
|         482 |
|         482 |
|         482 |
|         482 |
|         482 |
|         482 |
|         482 |
|         482 |
|         482 |
|         482 |
|         482 |
|         482 |
|         482 |
|         482 |
|         482 |
|         482 |
|         482 |
|         483 |
|         483 |
|         483 |
|         483 |
|         483 |
|         483 |
|         483 |
|         483 |
|         483 |
|         483 |
|         483 |
|         483 |
|         483 |
|         483 |
|         483 |
|         483 |
|         483 |
|         483 |
|         484 |
|         484 |
|         484 |
|         484 |
|         484 |
|         484 |
|         484 |
|         484 |
|         484 |
|         484 |
|         484 |
|         484 |
|         484 |
|         484 |
|         484 |
|         484 |
|         484 |
|         484 |
|         484 |
|         484 |
|         484 |
|         484 |
|         484 |
|         484 |
|         484 |
|         484 |
|         484 |
|         484 |
|         484 |
|         484 |
|         485 |
|         485 |
|         485 |
|         485 |
|         485 |
|         485 |
|         485 |
|         485 |
|         485 |
|         485 |
|         485 |
|         485 |
|         485 |
|         485 |
|         485 |
|         485 |
|         485 |
|         485 |
|         485 |
|         485 |
|         485 |
|         485 |
|         485 |
|         485 |
|         485 |
|         485 |
|         485 |
|         485 |
|         485 |
|         486 |
|         486 |
|         486 |
|         486 |
|         486 |
|         486 |
|         486 |
|         486 |
|         486 |
|         486 |
|         486 |
|         486 |
|         486 |
|         486 |
|         486 |
|         486 |
|         486 |
|         486 |
|         486 |
|         486 |
|         486 |
|         486 |
|         486 |
|         486 |
|         486 |
|         486 |
|         487 |
|         487 |
|         487 |
|         487 |
|         487 |
|         487 |
|         487 |
|         487 |
|         487 |
|         487 |
|         487 |
|         487 |
|         487 |
|         487 |
|         487 |
|         487 |
|         487 |
|         487 |
|         487 |
|         487 |
|         487 |
|         487 |
|         487 |
|         487 |
|         487 |
|         487 |
|         488 |
|         488 |
|         488 |
|         488 |
|         488 |
|         488 |
|         488 |
|         488 |
|         488 |
|         488 |
|         488 |
|         488 |
|         488 |
|         488 |
|         488 |
|         488 |
|         488 |
|         488 |
|         488 |
|         488 |
|         488 |
|         488 |
|         489 |
|         489 |
|         489 |
|         489 |
|         489 |
|         489 |
|         489 |
|         489 |
|         489 |
|         489 |
|         489 |
|         489 |
|         489 |
|         489 |
|         489 |
|         489 |
|         489 |
|         489 |
|         489 |
|         489 |
|         489 |
|         490 |
|         490 |
|         490 |
|         490 |
|         490 |
|         490 |
|         490 |
|         490 |
|         490 |
|         490 |
|         490 |
|         490 |
|         490 |
|         490 |
|         490 |
|         490 |
|         490 |
|         490 |
|         490 |
|         490 |
|         490 |
|         490 |
|         490 |
|         490 |
|         491 |
|         491 |
|         491 |
|         491 |
|         491 |
|         491 |
|         491 |
|         491 |
|         491 |
|         491 |
|         491 |
|         491 |
|         491 |
|         491 |
|         491 |
|         491 |
|         491 |
|         491 |
|         491 |
|         491 |
|         491 |
|         491 |
|         491 |
|         491 |
|         491 |
|         491 |
|         491 |
|         492 |
|         492 |
|         492 |
|         492 |
|         492 |
|         492 |
|         492 |
|         492 |
|         492 |
|         492 |
|         492 |
|         492 |
|         492 |
|         492 |
|         492 |
|         492 |
|         493 |
|         493 |
|         493 |
|         493 |
|         493 |
|         493 |
|         493 |
|         493 |
|         493 |
|         493 |
|         493 |
|         493 |
|         493 |
|         493 |
|         493 |
|         493 |
|         493 |
|         493 |
|         493 |
|         493 |
|         493 |
|         493 |
|         493 |
|         494 |
|         494 |
|         494 |
|         494 |
|         494 |
|         494 |
|         494 |
|         494 |
|         494 |
|         494 |
|         494 |
|         494 |
|         494 |
|         494 |
|         494 |
|         494 |
|         494 |
|         494 |
|         494 |
|         494 |
|         494 |
|         494 |
|         494 |
|         494 |
|         494 |
|         494 |
|         494 |
|         494 |
|         494 |
|         494 |
|         494 |
|         495 |
|         495 |
|         495 |
|         495 |
|         495 |
|         495 |
|         495 |
|         495 |
|         495 |
|         495 |
|         495 |
|         495 |
|         495 |
|         495 |
|         495 |
|         495 |
|         495 |
|         495 |
|         495 |
|         495 |
|         495 |
|         495 |
|         495 |
|         495 |
|         495 |
|         495 |
|         496 |
|         496 |
|         496 |
|         496 |
|         496 |
|         496 |
|         496 |
|         496 |
|         496 |
|         496 |
|         496 |
|         496 |
|         496 |
|         496 |
|         496 |
|         496 |
|         496 |
|         496 |
|         496 |
|         496 |
|         496 |
|         497 |
|         497 |
|         497 |
|         497 |
|         497 |
|         497 |
|         497 |
|         497 |
|         497 |
|         497 |
|         497 |
|         497 |
|         497 |
|         497 |
|         497 |
|         497 |
|         497 |
|         497 |
|         497 |
|         497 |
|         497 |
|         497 |
|         497 |
|         497 |
|         497 |
|         497 |
|         497 |
|         497 |
|         498 |
|         498 |
|         498 |
|         498 |
|         498 |
|         498 |
|         498 |
|         498 |
|         498 |
|         498 |
|         498 |
|         498 |
|         498 |
|         498 |
|         498 |
|         498 |
|         498 |
|         498 |
|         498 |
|         498 |
|         498 |
|         498 |
|         498 |
|         498 |
|         498 |
|         498 |
|         498 |
|         499 |
|         499 |
|         499 |
|         499 |
|         499 |
|         499 |
|         499 |
|         499 |
|         499 |
|         499 |
|         499 |
|         499 |
|         499 |
|         499 |
|         499 |
|         499 |
|         499 |
|         499 |
|         499 |
|         499 |
|         499 |
|         499 |
|         499 |
|         499 |
|         499 |
|         499 |
|         499 |
|         499 |
|         499 |
|         499 |
|         500 |
|         500 |
|         500 |
|         500 |
|         500 |
|         500 |
|         500 |
|         500 |
|         500 |
|         500 |
|         500 |
|         500 |
|         500 |
|         500 |
|         500 |
|         500 |
|         500 |
|         500 |
|         500 |
|         500 |
|         500 |
|         500 |
|         500 |
|         500 |
|         500 |
|         500 |
|         500 |
|         500 |
|         501 |
|         501 |
|         501 |
|         501 |
|         501 |
|         501 |
|         501 |
|         501 |
|         501 |
|         501 |
|         501 |
|         501 |
|         501 |
|         501 |
|         501 |
|         501 |
|         501 |
|         501 |
|         501 |
|         501 |
|         501 |
|         502 |
|         502 |
|         502 |
|         502 |
|         502 |
|         502 |
|         502 |
|         502 |
|         502 |
|         502 |
|         502 |
|         502 |
|         502 |
|         502 |
|         502 |
|         502 |
|         502 |
|         502 |
|         502 |
|         502 |
|         502 |
|         502 |
|         502 |
|         502 |
|         502 |
|         502 |
|         502 |
|         502 |
|         502 |
|         502 |
|         502 |
|         502 |
|         502 |
|         502 |
|         503 |
|         503 |
|         503 |
|         503 |
|         503 |
|         503 |
|         503 |
|         503 |
|         503 |
|         503 |
|         503 |
|         503 |
|         503 |
|         503 |
|         503 |
|         503 |
|         503 |
|         503 |
|         503 |
|         503 |
|         503 |
|         503 |
|         503 |
|         503 |
|         503 |
|         503 |
|         503 |
|         503 |
|         503 |
|         503 |
|         503 |
|         503 |
|         504 |
|         504 |
|         504 |
|         504 |
|         504 |
|         504 |
|         504 |
|         504 |
|         504 |
|         504 |
|         504 |
|         504 |
|         504 |
|         504 |
|         504 |
|         504 |
|         504 |
|         504 |
|         504 |
|         504 |
|         504 |
|         504 |
|         504 |
|         504 |
|         504 |
|         504 |
|         504 |
|         504 |
|         505 |
|         505 |
|         505 |
|         505 |
|         505 |
|         505 |
|         505 |
|         505 |
|         505 |
|         505 |
|         505 |
|         505 |
|         505 |
|         505 |
|         505 |
|         505 |
|         505 |
|         505 |
|         505 |
|         505 |
|         505 |
|         506 |
|         506 |
|         506 |
|         506 |
|         506 |
|         506 |
|         506 |
|         506 |
|         506 |
|         506 |
|         506 |
|         506 |
|         506 |
|         506 |
|         506 |
|         506 |
|         506 |
|         506 |
|         506 |
|         506 |
|         506 |
|         506 |
|         506 |
|         506 |
|         506 |
|         506 |
|         506 |
|         506 |
|         506 |
|         506 |
|         506 |
|         506 |
|         506 |
|         506 |
|         506 |
|         507 |
|         507 |
|         507 |
|         507 |
|         507 |
|         507 |
|         507 |
|         507 |
|         507 |
|         507 |
|         507 |
|         507 |
|         507 |
|         507 |
|         507 |
|         507 |
|         507 |
|         507 |
|         507 |
|         507 |
|         507 |
|         507 |
|         507 |
|         507 |
|         507 |
|         508 |
|         508 |
|         508 |
|         508 |
|         508 |
|         508 |
|         508 |
|         508 |
|         508 |
|         508 |
|         508 |
|         508 |
|         508 |
|         508 |
|         508 |
|         508 |
|         508 |
|         508 |
|         508 |
|         508 |
|         508 |
|         508 |
|         508 |
|         508 |
|         508 |
|         509 |
|         509 |
|         509 |
|         509 |
|         509 |
|         509 |
|         509 |
|         509 |
|         509 |
|         509 |
|         509 |
|         509 |
|         509 |
|         509 |
|         509 |
|         509 |
|         509 |
|         509 |
|         509 |
|         509 |
|         510 |
|         510 |
|         510 |
|         510 |
|         510 |
|         510 |
|         510 |
|         510 |
|         510 |
|         510 |
|         510 |
|         510 |
|         510 |
|         510 |
|         510 |
|         510 |
|         510 |
|         510 |
|         510 |
|         510 |
|         510 |
|         510 |
|         510 |
|         510 |
|         510 |
|         510 |
|         511 |
|         511 |
|         511 |
|         511 |
|         511 |
|         511 |
|         511 |
|         511 |
|         511 |
|         511 |
|         511 |
|         511 |
|         511 |
|         511 |
|         511 |
|         511 |
|         511 |
|         511 |
|         511 |
|         511 |
|         511 |
|         511 |
|         511 |
|         511 |
|         512 |
|         512 |
|         512 |
|         512 |
|         512 |
|         512 |
|         512 |
|         512 |
|         512 |
|         512 |
|         512 |
|         512 |
|         512 |
|         512 |
|         512 |
|         512 |
|         512 |
|         512 |
|         512 |
|         512 |
|         512 |
|         512 |
|         512 |
|         512 |
|         512 |
|         512 |
|         513 |
|         513 |
|         513 |
|         513 |
|         513 |
|         513 |
|         513 |
|         513 |
|         513 |
|         513 |
|         513 |
|         513 |
|         513 |
|         513 |
|         513 |
|         513 |
|         513 |
|         513 |
|         513 |
|         513 |
|         513 |
|         513 |
|         513 |
|         513 |
|         513 |
|         513 |
|         513 |
|         513 |
|         513 |
|         513 |
|         513 |
|         514 |
|         514 |
|         514 |
|         514 |
|         514 |
|         514 |
|         514 |
|         514 |
|         514 |
|         514 |
|         514 |
|         514 |
|         514 |
|         514 |
|         514 |
|         514 |
|         514 |
|         514 |
|         514 |
|         514 |
|         514 |
|         514 |
|         515 |
|         515 |
|         515 |
|         515 |
|         515 |
|         515 |
|         515 |
|         515 |
|         515 |
|         515 |
|         515 |
|         515 |
|         515 |
|         515 |
|         515 |
|         515 |
|         515 |
|         515 |
|         515 |
|         515 |
|         515 |
|         515 |
|         515 |
|         515 |
|         515 |
|         515 |
|         515 |
|         515 |
|         516 |
|         516 |
|         516 |
|         516 |
|         516 |
|         516 |
|         516 |
|         516 |
|         516 |
|         516 |
|         516 |
|         516 |
|         516 |
|         516 |
|         516 |
|         516 |
|         516 |
|         516 |
|         516 |
|         516 |
|         516 |
|         516 |
|         516 |
|         516 |
|         516 |
|         516 |
|         517 |
|         517 |
|         517 |
|         517 |
|         517 |
|         517 |
|         517 |
|         517 |
|         517 |
|         517 |
|         517 |
|         517 |
|         517 |
|         517 |
|         517 |
|         517 |
|         517 |
|         517 |
|         517 |
|         517 |
|         517 |
|         517 |
|         517 |
|         517 |
|         517 |
|         518 |
|         518 |
|         518 |
|         518 |
|         518 |
|         518 |
|         518 |
|         518 |
|         518 |
|         518 |
|         518 |
|         518 |
|         518 |
|         518 |
|         518 |
|         518 |
|         518 |
|         518 |
|         518 |
|         518 |
|         518 |
|         518 |
|         518 |
|         518 |
|         518 |
|         518 |
|         519 |
|         519 |
|         519 |
|         519 |
|         519 |
|         519 |
|         519 |
|         519 |
|         519 |
|         519 |
|         519 |
|         519 |
|         519 |
|         519 |
|         519 |
|         519 |
|         519 |
|         519 |
|         519 |
|         519 |
|         519 |
|         519 |
|         519 |
|         520 |
|         520 |
|         520 |
|         520 |
|         520 |
|         520 |
|         520 |
|         520 |
|         520 |
|         520 |
|         520 |
|         520 |
|         520 |
|         520 |
|         520 |
|         520 |
|         520 |
|         520 |
|         520 |
|         520 |
|         520 |
|         520 |
|         520 |
|         520 |
|         520 |
|         520 |
|         520 |
|         520 |
|         520 |
|         520 |
|         520 |
|         520 |
|         521 |
|         521 |
|         521 |
|         521 |
|         521 |
|         521 |
|         521 |
|         521 |
|         521 |
|         521 |
|         521 |
|         521 |
|         521 |
|         521 |
|         521 |
|         521 |
|         521 |
|         521 |
|         521 |
|         521 |
|         521 |
|         521 |
|         521 |
|         522 |
|         522 |
|         522 |
|         522 |
|         522 |
|         522 |
|         522 |
|         522 |
|         522 |
|         522 |
|         522 |
|         522 |
|         522 |
|         522 |
|         522 |
|         522 |
|         522 |
|         522 |
|         522 |
|         522 |
|         522 |
|         522 |
|         522 |
|         522 |
|         522 |
|         522 |
|         522 |
|         522 |
|         522 |
|         522 |
|         522 |
|         522 |
|         522 |
|         523 |
|         523 |
|         523 |
|         523 |
|         523 |
|         523 |
|         523 |
|         523 |
|         523 |
|         523 |
|         523 |
|         523 |
|         523 |
|         523 |
|         523 |
|         523 |
|         523 |
|         523 |
|         523 |
|         523 |
|         523 |
|         523 |
|         524 |
|         524 |
|         524 |
|         524 |
|         524 |
|         524 |
|         524 |
|         524 |
|         524 |
|         524 |
|         524 |
|         524 |
|         524 |
|         524 |
|         524 |
|         524 |
|         524 |
|         524 |
|         524 |
|         525 |
|         525 |
|         525 |
|         525 |
|         525 |
|         525 |
|         525 |
|         525 |
|         525 |
|         525 |
|         525 |
|         525 |
|         525 |
|         525 |
|         525 |
|         525 |
|         525 |
|         525 |
|         525 |
|         526 |
|         526 |
|         526 |
|         526 |
|         526 |
|         526 |
|         526 |
|         526 |
|         526 |
|         526 |
|         526 |
|         526 |
|         526 |
|         526 |
|         526 |
|         526 |
|         526 |
|         526 |
|         526 |
|         526 |
|         526 |
|         526 |
|         526 |
|         526 |
|         526 |
|         526 |
|         526 |
|         526 |
|         526 |
|         526 |
|         526 |
|         526 |
|         526 |
|         526 |
|         526 |
|         526 |
|         526 |
|         526 |
|         526 |
|         526 |
|         526 |
|         526 |
|         526 |
|         526 |
|         526 |
|         527 |
|         527 |
|         527 |
|         527 |
|         527 |
|         527 |
|         527 |
|         527 |
|         527 |
|         527 |
|         527 |
|         527 |
|         527 |
|         527 |
|         527 |
|         527 |
|         527 |
|         527 |
|         527 |
|         527 |
|         527 |
|         527 |
|         527 |
|         527 |
|         528 |
|         528 |
|         528 |
|         528 |
|         528 |
|         528 |
|         528 |
|         528 |
|         528 |
|         528 |
|         528 |
|         528 |
|         528 |
|         528 |
|         528 |
|         528 |
|         528 |
|         528 |
|         528 |
|         528 |
|         528 |
|         528 |
|         528 |
|         528 |
|         528 |
|         529 |
|         529 |
|         529 |
|         529 |
|         529 |
|         529 |
|         529 |
|         529 |
|         529 |
|         529 |
|         529 |
|         529 |
|         529 |
|         529 |
|         529 |
|         529 |
|         529 |
|         529 |
|         529 |
|         529 |
|         529 |
|         529 |
|         529 |
|         529 |
|         529 |
|         529 |
|         529 |
|         529 |
|         529 |
|         530 |
|         530 |
|         530 |
|         530 |
|         530 |
|         530 |
|         530 |
|         530 |
|         530 |
|         530 |
|         530 |
|         530 |
|         530 |
|         530 |
|         530 |
|         530 |
|         530 |
|         530 |
|         530 |
|         530 |
|         530 |
|         530 |
|         530 |
|         531 |
|         531 |
|         531 |
|         531 |
|         531 |
|         531 |
|         531 |
|         531 |
|         531 |
|         531 |
|         531 |
|         531 |
|         531 |
|         531 |
|         531 |
|         531 |
|         531 |
|         531 |
|         531 |
|         531 |
|         531 |
|         531 |
|         531 |
|         531 |
|         531 |
|         532 |
|         532 |
|         532 |
|         532 |
|         532 |
|         532 |
|         532 |
|         532 |
|         532 |
|         532 |
|         532 |
|         532 |
|         532 |
|         532 |
|         532 |
|         532 |
|         532 |
|         532 |
|         532 |
|         532 |
|         532 |
|         532 |
|         532 |
|         532 |
|         532 |
|         532 |
|         532 |
|         532 |
|         532 |
|         532 |
|         532 |
|         532 |
|         533 |
|         533 |
|         533 |
|         533 |
|         533 |
|         533 |
|         533 |
|         533 |
|         533 |
|         533 |
|         533 |
|         533 |
|         533 |
|         533 |
|         533 |
|         533 |
|         533 |
|         533 |
|         533 |
|         533 |
|         533 |
|         533 |
|         533 |
|         533 |
|         533 |
|         533 |
|         533 |
|         533 |
|         533 |
|         533 |
|         533 |
|         533 |
|         533 |
|         534 |
|         534 |
|         534 |
|         534 |
|         534 |
|         534 |
|         534 |
|         534 |
|         534 |
|         534 |
|         534 |
|         534 |
|         534 |
|         534 |
|         534 |
|         534 |
|         534 |
|         534 |
|         534 |
|         534 |
|         534 |
|         534 |
|         534 |
|         534 |
|         535 |
|         535 |
|         535 |
|         535 |
|         535 |
|         535 |
|         535 |
|         535 |
|         535 |
|         535 |
|         535 |
|         535 |
|         535 |
|         535 |
|         535 |
|         535 |
|         535 |
|         535 |
|         535 |
|         535 |
|         535 |
|         535 |
|         535 |
|         535 |
|         535 |
|         535 |
|         535 |
|         535 |
|         535 |
|         535 |
|         535 |
|         535 |
|         536 |
|         536 |
|         536 |
|         536 |
|         536 |
|         536 |
|         536 |
|         536 |
|         536 |
|         536 |
|         536 |
|         536 |
|         536 |
|         536 |
|         536 |
|         536 |
|         536 |
|         536 |
|         536 |
|         536 |
|         536 |
|         536 |
|         536 |
|         536 |
|         536 |
|         537 |
|         537 |
|         537 |
|         537 |
|         537 |
|         537 |
|         537 |
|         537 |
|         537 |
|         537 |
|         537 |
|         537 |
|         537 |
|         537 |
|         537 |
|         537 |
|         537 |
|         537 |
|         537 |
|         537 |
|         537 |
|         537 |
|         537 |
|         537 |
|         537 |
|         538 |
|         538 |
|         538 |
|         538 |
|         538 |
|         538 |
|         538 |
|         538 |
|         538 |
|         538 |
|         538 |
|         538 |
|         538 |
|         538 |
|         538 |
|         538 |
|         538 |
|         538 |
|         538 |
|         538 |
|         538 |
|         538 |
|         538 |
|         538 |
|         538 |
|         538 |
|         538 |
|         538 |
|         538 |
|         539 |
|         539 |
|         539 |
|         539 |
|         539 |
|         539 |
|         539 |
|         539 |
|         539 |
|         539 |
|         539 |
|         539 |
|         539 |
|         539 |
|         539 |
|         539 |
|         539 |
|         539 |
|         539 |
|         539 |
|         539 |
|         539 |
|         540 |
|         540 |
|         540 |
|         540 |
|         540 |
|         540 |
|         540 |
|         540 |
|         540 |
|         540 |
|         540 |
|         540 |
|         540 |
|         540 |
|         540 |
|         540 |
|         540 |
|         540 |
|         540 |
|         540 |
|         540 |
|         540 |
|         540 |
|         540 |
|         541 |
|         541 |
|         541 |
|         541 |
|         541 |
|         541 |
|         541 |
|         541 |
|         541 |
|         541 |
|         541 |
|         541 |
|         541 |
|         541 |
|         541 |
|         541 |
|         541 |
|         541 |
|         541 |
|         541 |
|         541 |
|         541 |
|         541 |
|         541 |
|         542 |
|         542 |
|         542 |
|         542 |
|         542 |
|         542 |
|         542 |
|         542 |
|         542 |
|         542 |
|         542 |
|         542 |
|         542 |
|         542 |
|         542 |
|         542 |
|         542 |
|         542 |
|         543 |
|         543 |
|         543 |
|         543 |
|         543 |
|         543 |
|         543 |
|         543 |
|         543 |
|         543 |
|         543 |
|         543 |
|         543 |
|         543 |
|         543 |
|         543 |
|         543 |
|         543 |
|         543 |
|         543 |
|         543 |
|         543 |
|         544 |
|         544 |
|         544 |
|         544 |
|         544 |
|         544 |
|         544 |
|         544 |
|         544 |
|         544 |
|         544 |
|         544 |
|         544 |
|         544 |
|         544 |
|         544 |
|         544 |
|         544 |
|         544 |
|         544 |
|         544 |
|         544 |
|         545 |
|         545 |
|         545 |
|         545 |
|         545 |
|         545 |
|         545 |
|         545 |
|         545 |
|         545 |
|         545 |
|         545 |
|         545 |
|         545 |
|         545 |
|         545 |
|         545 |
|         545 |
|         545 |
|         545 |
|         545 |
|         546 |
|         546 |
|         546 |
|         546 |
|         546 |
|         546 |
|         546 |
|         546 |
|         546 |
|         546 |
|         546 |
|         546 |
|         546 |
|         546 |
|         546 |
|         546 |
|         546 |
|         546 |
|         546 |
|         546 |
|         546 |
|         546 |
|         546 |
|         546 |
|         546 |
|         547 |
|         547 |
|         547 |
|         547 |
|         547 |
|         547 |
|         547 |
|         547 |
|         547 |
|         547 |
|         547 |
|         547 |
|         547 |
|         547 |
|         547 |
|         547 |
|         547 |
|         547 |
|         547 |
|         547 |
|         547 |
|         547 |
|         547 |
|         548 |
|         548 |
|         548 |
|         548 |
|         548 |
|         548 |
|         548 |
|         548 |
|         548 |
|         548 |
|         548 |
|         548 |
|         548 |
|         548 |
|         548 |
|         548 |
|         548 |
|         548 |
|         548 |
|         549 |
|         549 |
|         549 |
|         549 |
|         549 |
|         549 |
|         549 |
|         549 |
|         549 |
|         549 |
|         549 |
|         549 |
|         549 |
|         549 |
|         549 |
|         549 |
|         549 |
|         549 |
|         549 |
|         549 |
|         550 |
|         550 |
|         550 |
|         550 |
|         550 |
|         550 |
|         550 |
|         550 |
|         550 |
|         550 |
|         550 |
|         550 |
|         550 |
|         550 |
|         550 |
|         550 |
|         550 |
|         550 |
|         550 |
|         550 |
|         550 |
|         550 |
|         550 |
|         550 |
|         550 |
|         550 |
|         550 |
|         550 |
|         550 |
|         550 |
|         550 |
|         550 |
|         551 |
|         551 |
|         551 |
|         551 |
|         551 |
|         551 |
|         551 |
|         551 |
|         551 |
|         551 |
|         551 |
|         551 |
|         551 |
|         551 |
|         551 |
|         551 |
|         551 |
|         551 |
|         551 |
|         551 |
|         551 |
|         551 |
|         551 |
|         551 |
|         551 |
|         551 |
|         552 |
|         552 |
|         552 |
|         552 |
|         552 |
|         552 |
|         552 |
|         552 |
|         552 |
|         552 |
|         552 |
|         552 |
|         552 |
|         552 |
|         552 |
|         552 |
|         552 |
|         552 |
|         552 |
|         552 |
|         552 |
|         553 |
|         553 |
|         553 |
|         553 |
|         553 |
|         553 |
|         553 |
|         553 |
|         553 |
|         553 |
|         553 |
|         553 |
|         553 |
|         553 |
|         553 |
|         553 |
|         553 |
|         553 |
|         553 |
|         553 |
|         553 |
|         553 |
|         553 |
|         553 |
|         554 |
|         554 |
|         554 |
|         554 |
|         554 |
|         554 |
|         554 |
|         554 |
|         554 |
|         554 |
|         554 |
|         554 |
|         554 |
|         554 |
|         554 |
|         554 |
|         554 |
|         554 |
|         554 |
|         554 |
|         554 |
|         554 |
|         555 |
|         555 |
|         555 |
|         555 |
|         555 |
|         555 |
|         555 |
|         555 |
|         555 |
|         555 |
|         555 |
|         555 |
|         555 |
|         555 |
|         555 |
|         555 |
|         555 |
|         556 |
|         556 |
|         556 |
|         556 |
|         556 |
|         556 |
|         556 |
|         556 |
|         556 |
|         556 |
|         556 |
|         556 |
|         556 |
|         556 |
|         556 |
|         556 |
|         556 |
|         556 |
|         556 |
|         556 |
|         556 |
|         557 |
|         557 |
|         557 |
|         557 |
|         557 |
|         557 |
|         557 |
|         557 |
|         557 |
|         557 |
|         557 |
|         557 |
|         557 |
|         557 |
|         557 |
|         557 |
|         557 |
|         557 |
|         557 |
|         557 |
|         557 |
|         557 |
|         557 |
|         557 |
|         558 |
|         558 |
|         558 |
|         558 |
|         558 |
|         558 |
|         558 |
|         558 |
|         558 |
|         558 |
|         558 |
|         558 |
|         558 |
|         558 |
|         558 |
|         558 |
|         558 |
|         558 |
|         558 |
|         558 |
|         558 |
|         558 |
|         558 |
|         558 |
|         558 |
|         558 |
|         558 |
|         558 |
|         559 |
|         559 |
|         559 |
|         559 |
|         559 |
|         559 |
|         559 |
|         559 |
|         559 |
|         559 |
|         559 |
|         559 |
|         559 |
|         559 |
|         559 |
|         559 |
|         559 |
|         559 |
|         559 |
|         559 |
|         559 |
|         559 |
|         559 |
|         559 |
|         559 |
|         559 |
|         559 |
|         559 |
|         560 |
|         560 |
|         560 |
|         560 |
|         560 |
|         560 |
|         560 |
|         560 |
|         560 |
|         560 |
|         560 |
|         560 |
|         560 |
|         560 |
|         560 |
|         560 |
|         560 |
|         560 |
|         560 |
|         560 |
|         560 |
|         560 |
|         560 |
|         560 |
|         560 |
|         560 |
|         560 |
|         560 |
|         560 |
|         560 |
|         561 |
|         561 |
|         561 |
|         561 |
|         561 |
|         561 |
|         561 |
|         561 |
|         561 |
|         561 |
|         561 |
|         561 |
|         561 |
|         561 |
|         561 |
|         561 |
|         561 |
|         561 |
|         561 |
|         561 |
|         561 |
|         561 |
|         561 |
|         561 |
|         561 |
|         561 |
|         561 |
|         562 |
|         562 |
|         562 |
|         562 |
|         562 |
|         562 |
|         562 |
|         562 |
|         562 |
|         562 |
|         562 |
|         562 |
|         562 |
|         562 |
|         562 |
|         562 |
|         562 |
|         562 |
|         562 |
|         562 |
|         562 |
|         562 |
|         562 |
|         562 |
|         562 |
|         563 |
|         563 |
|         563 |
|         563 |
|         563 |
|         563 |
|         563 |
|         563 |
|         563 |
|         563 |
|         563 |
|         563 |
|         563 |
|         563 |
|         563 |
|         563 |
|         563 |
|         563 |
|         563 |
|         563 |
|         563 |
|         563 |
|         563 |
|         563 |
|         563 |
|         563 |
|         563 |
|         563 |
|         563 |
|         564 |
|         564 |
|         564 |
|         564 |
|         564 |
|         564 |
|         564 |
|         564 |
|         564 |
|         564 |
|         564 |
|         564 |
|         564 |
|         564 |
|         564 |
|         564 |
|         564 |
|         564 |
|         564 |
|         564 |
|         564 |
|         564 |
|         564 |
|         564 |
|         565 |
|         565 |
|         565 |
|         565 |
|         565 |
|         565 |
|         565 |
|         565 |
|         565 |
|         565 |
|         565 |
|         565 |
|         565 |
|         565 |
|         565 |
|         565 |
|         565 |
|         565 |
|         565 |
|         565 |
|         565 |
|         565 |
|         565 |
|         565 |
|         565 |
|         565 |
|         565 |
|         565 |
|         565 |
|         566 |
|         566 |
|         566 |
|         566 |
|         566 |
|         566 |
|         566 |
|         566 |
|         566 |
|         566 |
|         566 |
|         566 |
|         566 |
|         566 |
|         566 |
|         566 |
|         566 |
|         566 |
|         566 |
|         566 |
|         566 |
|         566 |
|         566 |
|         566 |
|         566 |
|         566 |
|         566 |
|         566 |
|         566 |
|         566 |
|         566 |
|         566 |
|         566 |
|         566 |
|         567 |
|         567 |
|         567 |
|         567 |
|         567 |
|         567 |
|         567 |
|         567 |
|         567 |
|         567 |
|         567 |
|         567 |
|         567 |
|         567 |
|         567 |
|         567 |
|         567 |
|         567 |
|         567 |
|         567 |
|         568 |
|         568 |
|         568 |
|         568 |
|         568 |
|         568 |
|         568 |
|         568 |
|         568 |
|         568 |
|         568 |
|         568 |
|         568 |
|         568 |
|         568 |
|         568 |
|         568 |
|         568 |
|         568 |
|         568 |
|         568 |
|         569 |
|         569 |
|         569 |
|         569 |
|         569 |
|         569 |
|         569 |
|         569 |
|         569 |
|         569 |
|         569 |
|         569 |
|         569 |
|         569 |
|         569 |
|         569 |
|         569 |
|         569 |
|         569 |
|         569 |
|         569 |
|         569 |
|         569 |
|         569 |
|         569 |
|         569 |
|         569 |
|         569 |
|         569 |
|         569 |
|         569 |
|         569 |
|         570 |
|         570 |
|         570 |
|         570 |
|         570 |
|         570 |
|         570 |
|         570 |
|         570 |
|         570 |
|         570 |
|         570 |
|         570 |
|         570 |
|         570 |
|         570 |
|         570 |
|         570 |
|         570 |
|         570 |
|         570 |
|         570 |
|         570 |
|         570 |
|         570 |
|         570 |
|         571 |
|         571 |
|         571 |
|         571 |
|         571 |
|         571 |
|         571 |
|         571 |
|         571 |
|         571 |
|         571 |
|         571 |
|         571 |
|         571 |
|         571 |
|         571 |
|         571 |
|         571 |
|         571 |
|         571 |
|         571 |
|         571 |
|         571 |
|         571 |
|         572 |
|         572 |
|         572 |
|         572 |
|         572 |
|         572 |
|         572 |
|         572 |
|         572 |
|         572 |
|         572 |
|         572 |
|         572 |
|         572 |
|         572 |
|         572 |
|         572 |
|         572 |
|         572 |
|         572 |
|         572 |
|         572 |
|         572 |
|         572 |
|         572 |
|         573 |
|         573 |
|         573 |
|         573 |
|         573 |
|         573 |
|         573 |
|         573 |
|         573 |
|         573 |
|         573 |
|         573 |
|         573 |
|         573 |
|         573 |
|         573 |
|         573 |
|         573 |
|         573 |
|         573 |
|         573 |
|         573 |
|         573 |
|         573 |
|         573 |
|         573 |
|         573 |
|         573 |
|         573 |
|         574 |
|         574 |
|         574 |
|         574 |
|         574 |
|         574 |
|         574 |
|         574 |
|         574 |
|         574 |
|         574 |
|         574 |
|         574 |
|         574 |
|         574 |
|         574 |
|         574 |
|         574 |
|         574 |
|         574 |
|         574 |
|         574 |
|         574 |
|         574 |
|         574 |
|         574 |
|         574 |
|         574 |
|         575 |
|         575 |
|         575 |
|         575 |
|         575 |
|         575 |
|         575 |
|         575 |
|         575 |
|         575 |
|         575 |
|         575 |
|         575 |
|         575 |
|         575 |
|         575 |
|         575 |
|         575 |
|         575 |
|         575 |
|         575 |
|         575 |
|         575 |
|         575 |
|         575 |
|         575 |
|         575 |
|         575 |
|         575 |
|         576 |
|         576 |
|         576 |
|         576 |
|         576 |
|         576 |
|         576 |
|         576 |
|         576 |
|         576 |
|         576 |
|         576 |
|         576 |
|         576 |
|         576 |
|         576 |
|         576 |
|         576 |
|         576 |
|         576 |
|         576 |
|         576 |
|         576 |
|         576 |
|         576 |
|         576 |
|         576 |
|         576 |
|         576 |
|         576 |
|         576 |
|         576 |
|         576 |
|         576 |
|         577 |
|         577 |
|         577 |
|         577 |
|         577 |
|         577 |
|         577 |
|         577 |
|         577 |
|         577 |
|         577 |
|         577 |
|         577 |
|         577 |
|         577 |
|         577 |
|         577 |
|         577 |
|         577 |
|         577 |
|         577 |
|         577 |
|         577 |
|         577 |
|         577 |
|         577 |
|         577 |
|         578 |
|         578 |
|         578 |
|         578 |
|         578 |
|         578 |
|         578 |
|         578 |
|         578 |
|         578 |
|         578 |
|         578 |
|         578 |
|         578 |
|         578 |
|         578 |
|         578 |
|         578 |
|         578 |
|         578 |
|         578 |
|         578 |
|         579 |
|         579 |
|         579 |
|         579 |
|         579 |
|         579 |
|         579 |
|         579 |
|         579 |
|         579 |
|         579 |
|         579 |
|         579 |
|         579 |
|         579 |
|         579 |
|         579 |
|         579 |
|         579 |
|         579 |
|         579 |
|         579 |
|         579 |
|         579 |
|         579 |
|         579 |
|         579 |
|         580 |
|         580 |
|         580 |
|         580 |
|         580 |
|         580 |
|         580 |
|         580 |
|         580 |
|         580 |
|         580 |
|         580 |
|         580 |
|         580 |
|         580 |
|         580 |
|         580 |
|         580 |
|         580 |
|         580 |
|         580 |
|         580 |
|         580 |
|         580 |
|         580 |
|         580 |
|         580 |
|         581 |
|         581 |
|         581 |
|         581 |
|         581 |
|         581 |
|         581 |
|         581 |
|         581 |
|         581 |
|         581 |
|         581 |
|         581 |
|         581 |
|         581 |
|         581 |
|         581 |
|         581 |
|         581 |
|         581 |
|         581 |
|         581 |
|         581 |
|         581 |
|         581 |
|         581 |
|         581 |
|         582 |
|         582 |
|         582 |
|         582 |
|         582 |
|         582 |
|         582 |
|         582 |
|         582 |
|         582 |
|         582 |
|         582 |
|         582 |
|         582 |
|         582 |
|         582 |
|         582 |
|         582 |
|         582 |
|         582 |
|         582 |
|         582 |
|         582 |
|         582 |
|         582 |
|         583 |
|         583 |
|         583 |
|         583 |
|         583 |
|         583 |
|         583 |
|         583 |
|         583 |
|         583 |
|         583 |
|         583 |
|         583 |
|         583 |
|         583 |
|         583 |
|         583 |
|         583 |
|         583 |
|         583 |
|         583 |
|         583 |
|         583 |
|         584 |
|         584 |
|         584 |
|         584 |
|         584 |
|         584 |
|         584 |
|         584 |
|         584 |
|         584 |
|         584 |
|         584 |
|         584 |
|         584 |
|         584 |
|         584 |
|         584 |
|         584 |
|         584 |
|         584 |
|         584 |
|         584 |
|         584 |
|         584 |
|         584 |
|         584 |
|         584 |
|         584 |
|         584 |
|         584 |
|         585 |
|         585 |
|         585 |
|         585 |
|         585 |
|         585 |
|         585 |
|         585 |
|         585 |
|         585 |
|         585 |
|         585 |
|         585 |
|         585 |
|         585 |
|         585 |
|         585 |
|         585 |
|         585 |
|         585 |
|         585 |
|         585 |
|         585 |
|         585 |
|         586 |
|         586 |
|         586 |
|         586 |
|         586 |
|         586 |
|         586 |
|         586 |
|         586 |
|         586 |
|         586 |
|         586 |
|         586 |
|         586 |
|         586 |
|         586 |
|         586 |
|         586 |
|         586 |
|         587 |
|         587 |
|         587 |
|         587 |
|         587 |
|         587 |
|         587 |
|         587 |
|         587 |
|         587 |
|         587 |
|         587 |
|         587 |
|         587 |
|         587 |
|         587 |
|         587 |
|         587 |
|         587 |
|         587 |
|         587 |
|         587 |
|         587 |
|         587 |
|         587 |
|         587 |
|         588 |
|         588 |
|         588 |
|         588 |
|         588 |
|         588 |
|         588 |
|         588 |
|         588 |
|         588 |
|         588 |
|         588 |
|         588 |
|         588 |
|         588 |
|         588 |
|         588 |
|         588 |
|         588 |
|         588 |
|         588 |
|         588 |
|         588 |
|         588 |
|         588 |
|         588 |
|         588 |
|         588 |
|         588 |
|         589 |
|         589 |
|         589 |
|         589 |
|         589 |
|         589 |
|         589 |
|         589 |
|         589 |
|         589 |
|         589 |
|         589 |
|         589 |
|         589 |
|         589 |
|         589 |
|         589 |
|         589 |
|         589 |
|         589 |
|         589 |
|         589 |
|         589 |
|         589 |
|         589 |
|         589 |
|         589 |
|         589 |
|         590 |
|         590 |
|         590 |
|         590 |
|         590 |
|         590 |
|         590 |
|         590 |
|         590 |
|         590 |
|         590 |
|         590 |
|         590 |
|         590 |
|         590 |
|         590 |
|         590 |
|         590 |
|         590 |
|         590 |
|         590 |
|         590 |
|         590 |
|         590 |
|         590 |
|         591 |
|         591 |
|         591 |
|         591 |
|         591 |
|         591 |
|         591 |
|         591 |
|         591 |
|         591 |
|         591 |
|         591 |
|         591 |
|         591 |
|         591 |
|         591 |
|         591 |
|         591 |
|         591 |
|         591 |
|         591 |
|         591 |
|         591 |
|         591 |
|         591 |
|         591 |
|         591 |
|         592 |
|         592 |
|         592 |
|         592 |
|         592 |
|         592 |
|         592 |
|         592 |
|         592 |
|         592 |
|         592 |
|         592 |
|         592 |
|         592 |
|         592 |
|         592 |
|         592 |
|         592 |
|         592 |
|         592 |
|         592 |
|         592 |
|         592 |
|         592 |
|         592 |
|         592 |
|         592 |
|         592 |
|         592 |
|         593 |
|         593 |
|         593 |
|         593 |
|         593 |
|         593 |
|         593 |
|         593 |
|         593 |
|         593 |
|         593 |
|         593 |
|         593 |
|         593 |
|         593 |
|         593 |
|         593 |
|         593 |
|         593 |
|         593 |
|         593 |
|         593 |
|         593 |
|         593 |
|         593 |
|         593 |
|         594 |
|         594 |
|         594 |
|         594 |
|         594 |
|         594 |
|         594 |
|         594 |
|         594 |
|         594 |
|         594 |
|         594 |
|         594 |
|         594 |
|         594 |
|         594 |
|         594 |
|         594 |
|         594 |
|         594 |
|         594 |
|         594 |
|         594 |
|         594 |
|         594 |
|         594 |
|         594 |
|         595 |
|         595 |
|         595 |
|         595 |
|         595 |
|         595 |
|         595 |
|         595 |
|         595 |
|         595 |
|         595 |
|         595 |
|         595 |
|         595 |
|         595 |
|         595 |
|         595 |
|         595 |
|         595 |
|         595 |
|         595 |
|         595 |
|         595 |
|         595 |
|         595 |
|         595 |
|         595 |
|         595 |
|         595 |
|         595 |
|         596 |
|         596 |
|         596 |
|         596 |
|         596 |
|         596 |
|         596 |
|         596 |
|         596 |
|         596 |
|         596 |
|         596 |
|         596 |
|         596 |
|         596 |
|         596 |
|         596 |
|         596 |
|         596 |
|         596 |
|         596 |
|         596 |
|         596 |
|         596 |
|         596 |
|         596 |
|         596 |
|         596 |
|         597 |
|         597 |
|         597 |
|         597 |
|         597 |
|         597 |
|         597 |
|         597 |
|         597 |
|         597 |
|         597 |
|         597 |
|         597 |
|         597 |
|         597 |
|         597 |
|         597 |
|         597 |
|         597 |
|         597 |
|         597 |
|         597 |
|         597 |
|         597 |
|         597 |
|         598 |
|         598 |
|         598 |
|         598 |
|         598 |
|         598 |
|         598 |
|         598 |
|         598 |
|         598 |
|         598 |
|         598 |
|         598 |
|         598 |
|         598 |
|         598 |
|         598 |
|         598 |
|         598 |
|         598 |
|         598 |
|         598 |
|         599 |
|         599 |
|         599 |
|         599 |
|         599 |
|         599 |
|         599 |
|         599 |
|         599 |
|         599 |
|         599 |
|         599 |
|         599 |
|         599 |
|         599 |
|         599 |
|         599 |
|         599 |
|         599 |
+-------------+
16044 rows in set (0.01 sec)

mysql> SELECT r.customer_id
    -> FROM rental r
    -> WHERE date(r.rental_date) = '2005-06-05';
Empty set (0.01 sec)

mysql> FROM rental r
    -> ;
ERROR 1064 (42000): You have an error in your SQL syntax; check the manual that corresponds to your MySQL server version for the right syntax to use near 'FROM rental r' at line 1
mysql> SELECT r.customer_id
    -> FROM rental r
    -> WHERE date(r.rental_date) = '2005-06-05';
Empty set (0.00 sec)

mysql> SELECT customer_id
    -> FROM rental
    -> WHERE ((date(rental.rental_date)) = '2005-06-05';
ERROR 1064 (42000): You have an error in your SQL syntax; check the manual that corresponds to your MySQL server version for the right syntax to use near '' at line 3
mysql> WHERE (date(rental.rental_date) = '2005-06-05';
ERROR 1064 (42000): You have an error in your SQL syntax; check the manual that corresponds to your MySQL server version for the right syntax to use near 'WHERE (date(rental.rental_date) = '2005-06-05'' at line 1
mysql> SELECT customer_id
    -> FROM
    ->  (SELECT rental_date
    ->   FROM rental
    ->   WHERE date(rental.rental_date) = '2005-07-05'
    ->  );
ERROR 1248 (42000): Every derived table must have its own alias
mysql> SELECT customer_id
    -> FROM rental
    -> WHERE date(rental.rental_date) = '2005-07-05';
+-------------+
| customer_id |
+-------------+
|         565 |
|         242 |
|          37 |
|          60 |
|         594 |
|           8 |
|         490 |
|         476 |
|         322 |
|         298 |
|         382 |
|         138 |
|         520 |
|         536 |
|         114 |
|         111 |
|         296 |
|         586 |
|         349 |
|         397 |
|         369 |
|         421 |
|         142 |
|         169 |
|         348 |
|         553 |
|         295 |
+-------------+
27 rows in set (0.00 sec)

mysql>